<?xml version="1.0" encoding="ISO-8859-1" ?>
<link_info>
   <banner>TI ARM Linker PC v20.2.7.LTS</banner>
   <copyright>Copyright (c) 1996-2018 Texas Instruments Incorporated</copyright>
   <link_time>0x636533f1</link_time>
   <link_errors>0x0</link_errors>
   <output_file>ccsProject.out</output_file>
   <entry_point>
      <name>_c_int00_noargs</name>
      <address>0x4be5</address>
   </entry_point>
   <input_file_list>
      <input_file id="fl-2">
         <path>.\</path>
         <kind>object</kind>
         <file>HAL_I2C.obj</file>
         <name>HAL_I2C.obj</name>
      </input_file>
      <input_file id="fl-3">
         <path>.\</path>
         <kind>object</kind>
         <file>HAL_TMP006.obj</file>
         <name>HAL_TMP006.obj</name>
      </input_file>
      <input_file id="fl-4">
         <path>.\</path>
         <kind>object</kind>
         <file>main.obj</file>
         <name>main.obj</name>
      </input_file>
      <input_file id="fl-5">
         <path>.\</path>
         <kind>object</kind>
         <file>startup_msp432p401r_ccs.obj</file>
         <name>startup_msp432p401r_ccs.obj</name>
      </input_file>
      <input_file id="fl-6">
         <path>.\</path>
         <kind>object</kind>
         <file>system_msp432p401r.obj</file>
         <name>system_msp432p401r.obj</name>
      </input_file>
      <input_file id="fl-7">
         <path>.\LcdDriver\</path>
         <kind>object</kind>
         <file>Crystalfontz128x128_ST7735.obj</file>
         <name>Crystalfontz128x128_ST7735.obj</name>
      </input_file>
      <input_file id="fl-8">
         <path>.\LcdDriver\</path>
         <kind>object</kind>
         <file>HAL_MSP_EXP432P401R_Crystalfontz128x128_ST7735.obj</file>
         <name>HAL_MSP_EXP432P401R_Crystalfontz128x128_ST7735.obj</name>
      </input_file>
      <input_file id="fl-e">
         <kind>object</kind>
         <file>&lt;internal&gt;</file>
         <name>&lt;internal&gt;</name>
      </input_file>
      <input_file id="fl-c4">
         <path>C:\ti\ccs1200\ccs\tools\compiler\ti-cgt-arm_20.2.7.LTS\lib\</path>
         <kind>archive</kind>
         <file>rtsv7M4_T_le_v4SPD16_eabi.lib</file>
         <name>e_pow.c.obj</name>
      </input_file>
      <input_file id="fl-c5">
         <path>C:\ti\ccs1200\ccs\tools\compiler\ti-cgt-arm_20.2.7.LTS\lib\</path>
         <kind>archive</kind>
         <file>rtsv7M4_T_le_v4SPD16_eabi.lib</file>
         <name>e_sqrt.c.obj</name>
      </input_file>
      <input_file id="fl-c6">
         <path>C:\ti\ccs1200\ccs\tools\compiler\ti-cgt-arm_20.2.7.LTS\lib\</path>
         <kind>archive</kind>
         <file>rtsv7M4_T_le_v4SPD16_eabi.lib</file>
         <name>s_scalbn.c.obj</name>
      </input_file>
      <input_file id="fl-c7">
         <path>C:\ti\ccs1200\ccs\tools\compiler\ti-cgt-arm_20.2.7.LTS\lib\</path>
         <kind>archive</kind>
         <file>rtsv7M4_T_le_v4SPD16_eabi.lib</file>
         <name>printf.c.obj</name>
      </input_file>
      <input_file id="fl-c8">
         <path>C:\ti\ccs1200\ccs\tools\compiler\ti-cgt-arm_20.2.7.LTS\lib\</path>
         <kind>archive</kind>
         <file>rtsv7M4_T_le_v4SPD16_eabi.lib</file>
         <name>_printfi.c.obj</name>
      </input_file>
      <input_file id="fl-c9">
         <path>C:\ti\ccs1200\ccs\tools\compiler\ti-cgt-arm_20.2.7.LTS\lib\</path>
         <kind>archive</kind>
         <file>rtsv7M4_T_le_v4SPD16_eabi.lib</file>
         <name>sprintf.c.obj</name>
      </input_file>
      <input_file id="fl-ca">
         <path>C:\ti\ccs1200\ccs\tools\compiler\ti-cgt-arm_20.2.7.LTS\lib\</path>
         <kind>archive</kind>
         <file>rtsv7M4_T_le_v4SPD16_eabi.lib</file>
         <name>fputc.c.obj</name>
      </input_file>
      <input_file id="fl-cb">
         <path>C:\ti\ccs1200\ccs\tools\compiler\ti-cgt-arm_20.2.7.LTS\lib\</path>
         <kind>archive</kind>
         <file>rtsv7M4_T_le_v4SPD16_eabi.lib</file>
         <name>fputs.c.obj</name>
      </input_file>
      <input_file id="fl-cc">
         <path>C:\ti\ccs1200\ccs\tools\compiler\ti-cgt-arm_20.2.7.LTS\lib\</path>
         <kind>archive</kind>
         <file>rtsv7M4_T_le_v4SPD16_eabi.lib</file>
         <name>_io_perm.c.obj</name>
      </input_file>
      <input_file id="fl-cd">
         <path>C:\ti\ccs1200\ccs\tools\compiler\ti-cgt-arm_20.2.7.LTS\lib\</path>
         <kind>archive</kind>
         <file>rtsv7M4_T_le_v4SPD16_eabi.lib</file>
         <name>setvbuf.c.obj</name>
      </input_file>
      <input_file id="fl-ce">
         <path>C:\ti\ccs1200\ccs\tools\compiler\ti-cgt-arm_20.2.7.LTS\lib\</path>
         <kind>archive</kind>
         <file>rtsv7M4_T_le_v4SPD16_eabi.lib</file>
         <name>fd_add_t2.asm.obj</name>
      </input_file>
      <input_file id="fl-cf">
         <path>C:\ti\ccs1200\ccs\tools\compiler\ti-cgt-arm_20.2.7.LTS\lib\</path>
         <kind>archive</kind>
         <file>rtsv7M4_T_le_v4SPD16_eabi.lib</file>
         <name>fd_cmp_t2.asm.obj</name>
      </input_file>
      <input_file id="fl-d0">
         <path>C:\ti\ccs1200\ccs\tools\compiler\ti-cgt-arm_20.2.7.LTS\lib\</path>
         <kind>archive</kind>
         <file>rtsv7M4_T_le_v4SPD16_eabi.lib</file>
         <name>fd_div_t2.asm.obj</name>
      </input_file>
      <input_file id="fl-d1">
         <path>C:\ti\ccs1200\ccs\tools\compiler\ti-cgt-arm_20.2.7.LTS\lib\</path>
         <kind>archive</kind>
         <file>rtsv7M4_T_le_v4SPD16_eabi.lib</file>
         <name>fd_mul_t2.asm.obj</name>
      </input_file>
      <input_file id="fl-d2">
         <path>C:\ti\ccs1200\ccs\tools\compiler\ti-cgt-arm_20.2.7.LTS\lib\</path>
         <kind>archive</kind>
         <file>rtsv7M4_T_le_v4SPD16_eabi.lib</file>
         <name>fd_toi_t2.asm.obj</name>
      </input_file>
      <input_file id="fl-d3">
         <path>C:\ti\ccs1200\ccs\tools\compiler\ti-cgt-arm_20.2.7.LTS\lib\</path>
         <kind>archive</kind>
         <file>rtsv7M4_T_le_v4SPD16_eabi.lib</file>
         <name>fd_tos_t2.asm.obj</name>
      </input_file>
      <input_file id="fl-d4">
         <path>C:\ti\ccs1200\ccs\tools\compiler\ti-cgt-arm_20.2.7.LTS\lib\</path>
         <kind>archive</kind>
         <file>rtsv7M4_T_le_v4SPD16_eabi.lib</file>
         <name>fs_tod_t2.asm.obj</name>
      </input_file>
      <input_file id="fl-d5">
         <path>C:\ti\ccs1200\ccs\tools\compiler\ti-cgt-arm_20.2.7.LTS\lib\</path>
         <kind>archive</kind>
         <file>rtsv7M4_T_le_v4SPD16_eabi.lib</file>
         <name>i_tofd_t2.asm.obj</name>
      </input_file>
      <input_file id="fl-d6">
         <path>C:\ti\ccs1200\ccs\tools\compiler\ti-cgt-arm_20.2.7.LTS\lib\</path>
         <kind>archive</kind>
         <file>rtsv7M4_T_le_v4SPD16_eabi.lib</file>
         <name>memcpy_t2.asm.obj</name>
      </input_file>
      <input_file id="fl-d7">
         <path>C:\ti\ccs1200\ccs\tools\compiler\ti-cgt-arm_20.2.7.LTS\lib\</path>
         <kind>archive</kind>
         <file>rtsv7M4_T_le_v4SPD16_eabi.lib</file>
         <name>memset_t2.asm.obj</name>
      </input_file>
      <input_file id="fl-d8">
         <path>C:\ti\ccs1200\ccs\tools\compiler\ti-cgt-arm_20.2.7.LTS\lib\</path>
         <kind>archive</kind>
         <file>rtsv7M4_T_le_v4SPD16_eabi.lib</file>
         <name>ull_div_t2.asm.obj</name>
      </input_file>
      <input_file id="fl-d9">
         <path>C:\ti\ccs1200\ccs\tools\compiler\ti-cgt-arm_20.2.7.LTS\lib\</path>
         <kind>archive</kind>
         <file>rtsv7M4_T_le_v4SPD16_eabi.lib</file>
         <name>copy_zero_init.c.obj</name>
      </input_file>
      <input_file id="fl-da">
         <path>C:\ti\ccs1200\ccs\tools\compiler\ti-cgt-arm_20.2.7.LTS\lib\</path>
         <kind>archive</kind>
         <file>rtsv7M4_T_le_v4SPD16_eabi.lib</file>
         <name>copy_decompress_none.c.obj</name>
      </input_file>
      <input_file id="fl-db">
         <path>C:\ti\ccs1200\ccs\tools\compiler\ti-cgt-arm_20.2.7.LTS\lib\</path>
         <kind>archive</kind>
         <file>rtsv7M4_T_le_v4SPD16_eabi.lib</file>
         <name>copy_decompress_lzss.c.obj</name>
      </input_file>
      <input_file id="fl-dc">
         <path>C:\ti\ccs1200\ccs\tools\compiler\ti-cgt-arm_20.2.7.LTS\lib\</path>
         <kind>archive</kind>
         <file>rtsv7M4_T_le_v4SPD16_eabi.lib</file>
         <name>exit.c.obj</name>
      </input_file>
      <input_file id="fl-dd">
         <path>C:\ti\ccs1200\ccs\tools\compiler\ti-cgt-arm_20.2.7.LTS\lib\</path>
         <kind>archive</kind>
         <file>rtsv7M4_T_le_v4SPD16_eabi.lib</file>
         <name>_lock.c.obj</name>
      </input_file>
      <input_file id="fl-de">
         <path>C:\ti\ccs1200\ccs\tools\compiler\ti-cgt-arm_20.2.7.LTS\lib\</path>
         <kind>archive</kind>
         <file>rtsv7M4_T_le_v4SPD16_eabi.lib</file>
         <name>_ltoa.c.obj</name>
      </input_file>
      <input_file id="fl-df">
         <path>C:\ti\ccs1200\ccs\tools\compiler\ti-cgt-arm_20.2.7.LTS\lib\</path>
         <kind>archive</kind>
         <file>rtsv7M4_T_le_v4SPD16_eabi.lib</file>
         <name>atoi.c.obj</name>
      </input_file>
      <input_file id="fl-e0">
         <path>C:\ti\ccs1200\ccs\tools\compiler\ti-cgt-arm_20.2.7.LTS\lib\</path>
         <kind>archive</kind>
         <file>rtsv7M4_T_le_v4SPD16_eabi.lib</file>
         <name>ctype.c.obj</name>
      </input_file>
      <input_file id="fl-e1">
         <path>C:\ti\ccs1200\ccs\tools\compiler\ti-cgt-arm_20.2.7.LTS\lib\</path>
         <kind>archive</kind>
         <file>rtsv7M4_T_le_v4SPD16_eabi.lib</file>
         <name>defs.c.obj</name>
      </input_file>
      <input_file id="fl-e2">
         <path>C:\ti\ccs1200\ccs\tools\compiler\ti-cgt-arm_20.2.7.LTS\lib\</path>
         <kind>archive</kind>
         <file>rtsv7M4_T_le_v4SPD16_eabi.lib</file>
         <name>memccpy.c.obj</name>
      </input_file>
      <input_file id="fl-e3">
         <path>C:\ti\ccs1200\ccs\tools\compiler\ti-cgt-arm_20.2.7.LTS\lib\</path>
         <kind>archive</kind>
         <file>rtsv7M4_T_le_v4SPD16_eabi.lib</file>
         <name>memchr.c.obj</name>
      </input_file>
      <input_file id="fl-e4">
         <path>C:\ti\ccs1200\ccs\tools\compiler\ti-cgt-arm_20.2.7.LTS\lib\</path>
         <kind>archive</kind>
         <file>rtsv7M4_T_le_v4SPD16_eabi.lib</file>
         <name>memory.c.obj</name>
      </input_file>
      <input_file id="fl-e5">
         <path>C:\ti\ccs1200\ccs\tools\compiler\ti-cgt-arm_20.2.7.LTS\lib\</path>
         <kind>archive</kind>
         <file>rtsv7M4_T_le_v4SPD16_eabi.lib</file>
         <name>strchr.c.obj</name>
      </input_file>
      <input_file id="fl-e6">
         <path>C:\ti\ccs1200\ccs\tools\compiler\ti-cgt-arm_20.2.7.LTS\lib\</path>
         <kind>archive</kind>
         <file>rtsv7M4_T_le_v4SPD16_eabi.lib</file>
         <name>strlen.c.obj</name>
      </input_file>
      <input_file id="fl-e7">
         <path>C:\ti\ccs1200\ccs\tools\compiler\ti-cgt-arm_20.2.7.LTS\lib\</path>
         <kind>archive</kind>
         <file>rtsv7M4_T_le_v4SPD16_eabi.lib</file>
         <name>boot_cortex_m.c.obj</name>
      </input_file>
      <input_file id="fl-e8">
         <path>C:\ti\ccs1200\ccs\tools\compiler\ti-cgt-arm_20.2.7.LTS\lib\</path>
         <kind>archive</kind>
         <file>rtsv7M4_T_le_v4SPD16_eabi.lib</file>
         <name>write.c.obj</name>
      </input_file>
      <input_file id="fl-e9">
         <path>C:\ti\ccs1200\ccs\tools\compiler\ti-cgt-arm_20.2.7.LTS\lib\</path>
         <kind>archive</kind>
         <file>rtsv7M4_T_le_v4SPD16_eabi.lib</file>
         <name>host_device.c.obj</name>
      </input_file>
      <input_file id="fl-ea">
         <path>C:\ti\ccs1200\ccs\tools\compiler\ti-cgt-arm_20.2.7.LTS\lib\</path>
         <kind>archive</kind>
         <file>rtsv7M4_T_le_v4SPD16_eabi.lib</file>
         <name>errno.c.obj</name>
      </input_file>
      <input_file id="fl-eb">
         <path>C:\ti\ccs1200\ccs\tools\compiler\ti-cgt-arm_20.2.7.LTS\lib\</path>
         <kind>archive</kind>
         <file>rtsv7M4_T_le_v4SPD16_eabi.lib</file>
         <name>wcslen.c.obj</name>
      </input_file>
      <input_file id="fl-ec">
         <path>C:\ti\ccs1200\ccs\tools\compiler\ti-cgt-arm_20.2.7.LTS\lib\</path>
         <kind>archive</kind>
         <file>rtsv7M4_T_le_v4SPD16_eabi.lib</file>
         <name>s_copysign.c.obj</name>
      </input_file>
      <input_file id="fl-ed">
         <path>C:\ti\ccs1200\ccs\tools\compiler\ti-cgt-arm_20.2.7.LTS\lib\</path>
         <kind>archive</kind>
         <file>rtsv7M4_T_le_v4SPD16_eabi.lib</file>
         <name>s_frexp.c.obj</name>
      </input_file>
      <input_file id="fl-ee">
         <path>C:\ti\ccs1200\ccs\tools\compiler\ti-cgt-arm_20.2.7.LTS\lib\</path>
         <kind>archive</kind>
         <file>rtsv7M4_T_le_v4SPD16_eabi.lib</file>
         <name>fflush.c.obj</name>
      </input_file>
      <input_file id="fl-ef">
         <path>C:\ti\ccs1200\ccs\tools\compiler\ti-cgt-arm_20.2.7.LTS\lib\</path>
         <kind>archive</kind>
         <file>rtsv7M4_T_le_v4SPD16_eabi.lib</file>
         <name>fopen.c.obj</name>
      </input_file>
      <input_file id="fl-f0">
         <path>C:\ti\ccs1200\ccs\tools\compiler\ti-cgt-arm_20.2.7.LTS\lib\</path>
         <kind>archive</kind>
         <file>rtsv7M4_T_le_v4SPD16_eabi.lib</file>
         <name>fseek.c.obj</name>
      </input_file>
      <input_file id="fl-f1">
         <path>C:\ti\ccs1200\ccs\tools\compiler\ti-cgt-arm_20.2.7.LTS\lib\</path>
         <kind>archive</kind>
         <file>rtsv7M4_T_le_v4SPD16_eabi.lib</file>
         <name>div0.asm.obj</name>
      </input_file>
      <input_file id="fl-f2">
         <path>C:\ti\ccs1200\ccs\tools\compiler\ti-cgt-arm_20.2.7.LTS\lib\</path>
         <kind>archive</kind>
         <file>rtsv7M4_T_le_v4SPD16_eabi.lib</file>
         <name>autoinit.c.obj</name>
      </input_file>
      <input_file id="fl-f3">
         <path>C:\ti\ccs1200\ccs\tools\compiler\ti-cgt-arm_20.2.7.LTS\lib\</path>
         <kind>archive</kind>
         <file>rtsv7M4_T_le_v4SPD16_eabi.lib</file>
         <name>pre_init.c.obj</name>
      </input_file>
      <input_file id="fl-f4">
         <path>C:\ti\ccs1200\ccs\tools\compiler\ti-cgt-arm_20.2.7.LTS\lib\</path>
         <kind>archive</kind>
         <file>rtsv7M4_T_le_v4SPD16_eabi.lib</file>
         <name>cpy_tbl.c.obj</name>
      </input_file>
      <input_file id="fl-f5">
         <path>C:\ti\ccs1200\ccs\tools\compiler\ti-cgt-arm_20.2.7.LTS\lib\</path>
         <kind>archive</kind>
         <file>rtsv7M4_T_le_v4SPD16_eabi.lib</file>
         <name>args_main.c.obj</name>
      </input_file>
      <input_file id="fl-f6">
         <path>C:\ti\ccs1200\ccs\tools\compiler\ti-cgt-arm_20.2.7.LTS\lib\</path>
         <kind>archive</kind>
         <file>rtsv7M4_T_le_v4SPD16_eabi.lib</file>
         <name>hostclose.c.obj</name>
      </input_file>
      <input_file id="fl-f7">
         <path>C:\ti\ccs1200\ccs\tools\compiler\ti-cgt-arm_20.2.7.LTS\lib\</path>
         <kind>archive</kind>
         <file>rtsv7M4_T_le_v4SPD16_eabi.lib</file>
         <name>hostlseek.c.obj</name>
      </input_file>
      <input_file id="fl-f8">
         <path>C:\ti\ccs1200\ccs\tools\compiler\ti-cgt-arm_20.2.7.LTS\lib\</path>
         <kind>archive</kind>
         <file>rtsv7M4_T_le_v4SPD16_eabi.lib</file>
         <name>hostopen.c.obj</name>
      </input_file>
      <input_file id="fl-f9">
         <path>C:\ti\ccs1200\ccs\tools\compiler\ti-cgt-arm_20.2.7.LTS\lib\</path>
         <kind>archive</kind>
         <file>rtsv7M4_T_le_v4SPD16_eabi.lib</file>
         <name>hostread.c.obj</name>
      </input_file>
      <input_file id="fl-fa">
         <path>C:\ti\ccs1200\ccs\tools\compiler\ti-cgt-arm_20.2.7.LTS\lib\</path>
         <kind>archive</kind>
         <file>rtsv7M4_T_le_v4SPD16_eabi.lib</file>
         <name>hostrename.c.obj</name>
      </input_file>
      <input_file id="fl-fb">
         <path>C:\ti\ccs1200\ccs\tools\compiler\ti-cgt-arm_20.2.7.LTS\lib\</path>
         <kind>archive</kind>
         <file>rtsv7M4_T_le_v4SPD16_eabi.lib</file>
         <name>hostunlink.c.obj</name>
      </input_file>
      <input_file id="fl-fc">
         <path>C:\ti\ccs1200\ccs\tools\compiler\ti-cgt-arm_20.2.7.LTS\lib\</path>
         <kind>archive</kind>
         <file>rtsv7M4_T_le_v4SPD16_eabi.lib</file>
         <name>hostwrite.c.obj</name>
      </input_file>
      <input_file id="fl-fd">
         <path>C:\ti\ccs1200\ccs\tools\compiler\ti-cgt-arm_20.2.7.LTS\lib\</path>
         <kind>archive</kind>
         <file>rtsv7M4_T_le_v4SPD16_eabi.lib</file>
         <name>trgmsg.c.obj</name>
      </input_file>
      <input_file id="fl-fe">
         <path>C:\ti\ccs1200\ccs\tools\compiler\ti-cgt-arm_20.2.7.LTS\lib\</path>
         <kind>archive</kind>
         <file>rtsv7M4_T_le_v4SPD16_eabi.lib</file>
         <name>open.c.obj</name>
      </input_file>
      <input_file id="fl-ff">
         <path>C:\ti\ccs1200\ccs\tools\compiler\ti-cgt-arm_20.2.7.LTS\lib\</path>
         <kind>archive</kind>
         <file>rtsv7M4_T_le_v4SPD16_eabi.lib</file>
         <name>lseek.c.obj</name>
      </input_file>
      <input_file id="fl-100">
         <path>C:\ti\ccs1200\ccs\tools\compiler\ti-cgt-arm_20.2.7.LTS\lib\</path>
         <kind>archive</kind>
         <file>rtsv7M4_T_le_v4SPD16_eabi.lib</file>
         <name>fclose.c.obj</name>
      </input_file>
      <input_file id="fl-101">
         <path>C:\ti\ccs1200\ccs\tools\compiler\ti-cgt-arm_20.2.7.LTS\lib\</path>
         <kind>archive</kind>
         <file>rtsv7M4_T_le_v4SPD16_eabi.lib</file>
         <name>getdevice.c.obj</name>
      </input_file>
      <input_file id="fl-102">
         <path>C:\ti\ccs1200\ccs\tools\compiler\ti-cgt-arm_20.2.7.LTS\lib\</path>
         <kind>archive</kind>
         <file>rtsv7M4_T_le_v4SPD16_eabi.lib</file>
         <name>strcmp.c.obj</name>
      </input_file>
      <input_file id="fl-103">
         <path>C:\ti\ccs1200\ccs\tools\compiler\ti-cgt-arm_20.2.7.LTS\lib\</path>
         <kind>archive</kind>
         <file>rtsv7M4_T_le_v4SPD16_eabi.lib</file>
         <name>strcpy.c.obj</name>
      </input_file>
      <input_file id="fl-104">
         <path>C:\ti\ccs1200\ccs\tools\compiler\ti-cgt-arm_20.2.7.LTS\lib\</path>
         <kind>archive</kind>
         <file>rtsv7M4_T_le_v4SPD16_eabi.lib</file>
         <name>strncpy.c.obj</name>
      </input_file>
      <input_file id="fl-105">
         <path>C:\ti\ccs1200\ccs\tools\compiler\ti-cgt-arm_20.2.7.LTS\lib\</path>
         <kind>archive</kind>
         <file>rtsv7M4_T_le_v4SPD16_eabi.lib</file>
         <name>remove.c.obj</name>
      </input_file>
      <input_file id="fl-106">
         <path>C:\ti\ccs1200\ccs\tools\compiler\ti-cgt-arm_20.2.7.LTS\lib\</path>
         <kind>archive</kind>
         <file>rtsv7M4_T_le_v4SPD16_eabi.lib</file>
         <name>close.c.obj</name>
      </input_file>
      <input_file id="fl-107">
         <path>C:\ti\ccs1200\ccs\tools\compiler\ti-cgt-arm_20.2.7.LTS\lib\</path>
         <kind>archive</kind>
         <file>rtsv7M4_T_le_v4SPD16_eabi.lib</file>
         <name>unlink.c.obj</name>
      </input_file>
      <input_file id="fl-108">
         <path>C:\Users\Matteo\Downloads\simplelink_msp432p4_sdk_3_40_01_02\source\ti\grlib\lib\ccs\m4f\</path>
         <kind>archive</kind>
         <file>grlib.a</file>
         <name>context.obj</name>
      </input_file>
      <input_file id="fl-109">
         <path>C:\Users\Matteo\Downloads\simplelink_msp432p4_sdk_3_40_01_02\source\ti\grlib\lib\ccs\m4f\</path>
         <kind>archive</kind>
         <file>grlib.a</file>
         <name>display.obj</name>
      </input_file>
      <input_file id="fl-10a">
         <path>C:\Users\Matteo\Downloads\simplelink_msp432p4_sdk_3_40_01_02\source\ti\grlib\lib\ccs\m4f\</path>
         <kind>archive</kind>
         <file>grlib.a</file>
         <name>fontfixed6x8.obj</name>
      </input_file>
      <input_file id="fl-10b">
         <path>C:\Users\Matteo\Downloads\simplelink_msp432p4_sdk_3_40_01_02\source\ti\grlib\lib\ccs\m4f\</path>
         <kind>archive</kind>
         <file>grlib.a</file>
         <name>string.obj</name>
      </input_file>
      <input_file id="fl-10c">
         <path>C:\Users\Matteo\Downloads\simplelink_msp432p4_sdk_3_40_01_02\source\ti\grlib\lib\ccs\m4f\</path>
         <kind>archive</kind>
         <file>grlib.a</file>
         <name>line.obj</name>
      </input_file>
      <input_file id="fl-10d">
         <path>C:\Users\Matteo\Downloads\simplelink_msp432p4_sdk_3_40_01_02\source\ti\devices\msp432p4xx\driverlib\ccs\</path>
         <kind>archive</kind>
         <file>msp432p4xx_driverlib.lib</file>
         <name>adc14.o</name>
      </input_file>
      <input_file id="fl-10e">
         <path>C:\Users\Matteo\Downloads\simplelink_msp432p4_sdk_3_40_01_02\source\ti\devices\msp432p4xx\driverlib\ccs\</path>
         <kind>archive</kind>
         <file>msp432p4xx_driverlib.lib</file>
         <name>cs.o</name>
      </input_file>
      <input_file id="fl-10f">
         <path>C:\Users\Matteo\Downloads\simplelink_msp432p4_sdk_3_40_01_02\source\ti\devices\msp432p4xx\driverlib\ccs\</path>
         <kind>archive</kind>
         <file>msp432p4xx_driverlib.lib</file>
         <name>flash.o</name>
      </input_file>
      <input_file id="fl-110">
         <path>C:\Users\Matteo\Downloads\simplelink_msp432p4_sdk_3_40_01_02\source\ti\devices\msp432p4xx\driverlib\ccs\</path>
         <kind>archive</kind>
         <file>msp432p4xx_driverlib.lib</file>
         <name>gpio.o</name>
      </input_file>
      <input_file id="fl-111">
         <path>C:\Users\Matteo\Downloads\simplelink_msp432p4_sdk_3_40_01_02\source\ti\devices\msp432p4xx\driverlib\ccs\</path>
         <kind>archive</kind>
         <file>msp432p4xx_driverlib.lib</file>
         <name>i2c.o</name>
      </input_file>
      <input_file id="fl-112">
         <path>C:\Users\Matteo\Downloads\simplelink_msp432p4_sdk_3_40_01_02\source\ti\devices\msp432p4xx\driverlib\ccs\</path>
         <kind>archive</kind>
         <file>msp432p4xx_driverlib.lib</file>
         <name>interrupt.o</name>
      </input_file>
      <input_file id="fl-113">
         <path>C:\Users\Matteo\Downloads\simplelink_msp432p4_sdk_3_40_01_02\source\ti\devices\msp432p4xx\driverlib\ccs\</path>
         <kind>archive</kind>
         <file>msp432p4xx_driverlib.lib</file>
         <name>pcm.o</name>
      </input_file>
      <input_file id="fl-114">
         <path>C:\Users\Matteo\Downloads\simplelink_msp432p4_sdk_3_40_01_02\source\ti\devices\msp432p4xx\driverlib\ccs\</path>
         <kind>archive</kind>
         <file>msp432p4xx_driverlib.lib</file>
         <name>rtc_c.o</name>
      </input_file>
      <input_file id="fl-115">
         <path>C:\Users\Matteo\Downloads\simplelink_msp432p4_sdk_3_40_01_02\source\ti\devices\msp432p4xx\driverlib\ccs\</path>
         <kind>archive</kind>
         <file>msp432p4xx_driverlib.lib</file>
         <name>spi.o</name>
      </input_file>
      <input_file id="fl-116">
         <path>C:\Users\Matteo\Downloads\simplelink_msp432p4_sdk_3_40_01_02\source\ti\devices\msp432p4xx\driverlib\ccs\</path>
         <kind>archive</kind>
         <file>msp432p4xx_driverlib.lib</file>
         <name>sysctl.o</name>
      </input_file>
      <input_file id="fl-117">
         <path>C:\Users\Matteo\Downloads\simplelink_msp432p4_sdk_3_40_01_02\source\ti\devices\msp432p4xx\driverlib\ccs\</path>
         <kind>archive</kind>
         <file>msp432p4xx_driverlib.lib</file>
         <name>sysctl_a.o</name>
      </input_file>
      <input_file id="fl-118">
         <path>C:\Users\Matteo\Downloads\simplelink_msp432p4_sdk_3_40_01_02\source\ti\devices\msp432p4xx\driverlib\ccs\</path>
         <kind>archive</kind>
         <file>msp432p4xx_driverlib.lib</file>
         <name>timer_a.o</name>
      </input_file>
      <input_file id="fl-119">
         <path>C:\Users\Matteo\Downloads\simplelink_msp432p4_sdk_3_40_01_02\source\ti\devices\msp432p4xx\driverlib\ccs\</path>
         <kind>archive</kind>
         <file>msp432p4xx_driverlib.lib</file>
         <name>wdt_a.o</name>
      </input_file>
      <input_file id="fl-11a">
         <path>C:\Users\Matteo\Downloads\simplelink_msp432p4_sdk_3_40_01_02\source\ti\devices\msp432p4xx\driverlib\ccs\</path>
         <kind>archive</kind>
         <file>msp432p4xx_driverlib.lib</file>
         <name>cpu.o</name>
      </input_file>
   </input_file_list>
   <object_component_list>
      <object_component id="oc-26">
         <name>.intvecs:retain</name>
         <load_address>0x0</load_address>
         <run_address>0x0</run_address>
         <size>0xe4</size>
         <input_file_ref idref="fl-5"/>
      </object_component>
      <object_component id="oc-296">
         <name>.text:__TI_printfi</name>
         <load_address>0xe4</load_address>
         <run_address>0xe4</run_address>
         <size>0xa4e</size>
         <input_file_ref idref="fl-c8"/>
      </object_component>
      <object_component id="oc-3e8">
         <name>.text:_nop</name>
         <load_address>0xb32</load_address>
         <run_address>0xb32</run_address>
         <size>0x2</size>
         <input_file_ref idref="fl-dd"/>
      </object_component>
      <object_component id="oc-d1">
         <name>.text</name>
         <load_address>0xb34</load_address>
         <run_address>0xb34</run_address>
         <size>0x680</size>
         <input_file_ref idref="fl-7"/>
      </object_component>
      <object_component id="oc-2bb">
         <name>.text:Graphics_drawString</name>
         <load_address>0x11b4</load_address>
         <run_address>0x11b4</run_address>
         <size>0x47e</size>
         <input_file_ref idref="fl-10b"/>
      </object_component>
      <object_component id="oc-54b">
         <name>.text</name>
         <load_address>0x1632</load_address>
         <run_address>0x1632</run_address>
         <size>0x2</size>
         <input_file_ref idref="fl-f1"/>
      </object_component>
      <object_component id="oc-70">
         <name>.text</name>
         <load_address>0x1634</load_address>
         <run_address>0x1634</run_address>
         <size>0x420</size>
         <input_file_ref idref="fl-4"/>
      </object_component>
      <object_component id="oc-ac">
         <name>.text</name>
         <load_address>0x1a54</load_address>
         <run_address>0x1a54</run_address>
         <size>0x334</size>
         <input_file_ref idref="fl-6"/>
      </object_component>
      <object_component id="oc-3c4">
         <name>.text:_pconv_a</name>
         <load_address>0x1d88</load_address>
         <run_address>0x1d88</run_address>
         <size>0x270</size>
         <input_file_ref idref="fl-c8"/>
      </object_component>
      <object_component id="oc-3b2">
         <name>.text:_pconv_g</name>
         <load_address>0x1ff8</load_address>
         <run_address>0x1ff8</run_address>
         <size>0x1d0</size>
         <input_file_ref idref="fl-c8"/>
      </object_component>
      <object_component id="oc-4a5">
         <name>.text</name>
         <load_address>0x21c8</load_address>
         <run_address>0x21c8</run_address>
         <size>0x1b6</size>
         <input_file_ref idref="fl-ce"/>
      </object_component>
      <object_component id="oc-282">
         <name>.text:_getIndexForMemRegister</name>
         <load_address>0x2380</load_address>
         <run_address>0x2380</run_address>
         <size>0x160</size>
         <input_file_ref idref="fl-10d"/>
      </object_component>
      <object_component id="oc-525">
         <name>.text:__PCM_setPowerModeAdvanced</name>
         <load_address>0x24e0</load_address>
         <run_address>0x24e0</run_address>
         <size>0x15c</size>
         <input_file_ref idref="fl-113"/>
      </object_component>
      <object_component id="oc-22d">
         <name>.text:privateTimer_AProcessClockSourceDivider</name>
         <load_address>0x263c</load_address>
         <run_address>0x263c</run_address>
         <size>0x144</size>
         <input_file_ref idref="fl-118"/>
      </object_component>
      <object_component id="oc-3be">
         <name>.text:_pconv_e</name>
         <load_address>0x2780</load_address>
         <run_address>0x2780</run_address>
         <size>0x13c</size>
         <input_file_ref idref="fl-c8"/>
      </object_component>
      <object_component id="oc-130">
         <name>.text</name>
         <load_address>0x28bc</load_address>
         <run_address>0x28bc</run_address>
         <size>0x136</size>
         <input_file_ref idref="fl-d0"/>
      </object_component>
      <object_component id="oc-17b">
         <name>.text:CS_initClockSignal</name>
         <load_address>0x29f4</load_address>
         <run_address>0x29f4</run_address>
         <size>0x130</size>
         <input_file_ref idref="fl-10e"/>
      </object_component>
      <object_component id="oc-4b7">
         <name>.text:fcvt</name>
         <load_address>0x2b24</load_address>
         <run_address>0x2b24</run_address>
         <size>0x124</size>
         <input_file_ref idref="fl-c8"/>
      </object_component>
      <object_component id="oc-3f6">
         <name>.text:fputs</name>
         <load_address>0x2c48</load_address>
         <run_address>0x2c48</run_address>
         <size>0x114</size>
         <input_file_ref idref="fl-cb"/>
      </object_component>
      <object_component id="oc-4cb">
         <name>.text:scalbn</name>
         <load_address>0x2d5c</load_address>
         <run_address>0x2d5c</run_address>
         <size>0x110</size>
         <input_file_ref idref="fl-c6"/>
      </object_component>
      <object_component id="oc-2ce">
         <name>.text:__PCM_setCoreVoltageLevelAdvanced</name>
         <load_address>0x2e6c</load_address>
         <run_address>0x2e6c</run_address>
         <size>0x108</size>
         <input_file_ref idref="fl-113"/>
      </object_component>
      <object_component id="oc-5f8">
         <name>.text:aligned_alloc</name>
         <load_address>0x2f74</load_address>
         <run_address>0x2f74</run_address>
         <size>0x100</size>
         <input_file_ref idref="fl-e4"/>
      </object_component>
      <object_component id="oc-135">
         <name>.text</name>
         <load_address>0x3074</load_address>
         <run_address>0x3074</run_address>
         <size>0xfc</size>
         <input_file_ref idref="fl-d1"/>
      </object_component>
      <object_component id="oc-2b5">
         <name>.text:Graphics_getStringWidth</name>
         <load_address>0x3170</load_address>
         <run_address>0x3170</run_address>
         <size>0xfa</size>
         <input_file_ref idref="fl-10b"/>
      </object_component>
      <object_component id="oc-5b6">
         <name>.text:free</name>
         <load_address>0x326c</load_address>
         <run_address>0x326c</run_address>
         <size>0xe4</size>
         <input_file_ref idref="fl-e4"/>
      </object_component>
      <object_component id="oc-584">
         <name>.text:setvbuf</name>
         <load_address>0x3350</load_address>
         <run_address>0x3350</run_address>
         <size>0xdc</size>
         <input_file_ref idref="fl-cd"/>
      </object_component>
      <object_component id="oc-24c">
         <name>.text</name>
         <load_address>0x342c</load_address>
         <run_address>0x342c</run_address>
         <size>0xcc</size>
         <input_file_ref idref="fl-8"/>
      </object_component>
      <object_component id="oc-10d">
         <name>.text:ADC14_configureConversionMemory</name>
         <load_address>0x34f8</load_address>
         <run_address>0x34f8</run_address>
         <size>0xb4</size>
         <input_file_ref idref="fl-10d"/>
      </object_component>
      <object_component id="oc-107">
         <name>.text:ADC14_configureMultiSequenceMode</name>
         <load_address>0x35ac</load_address>
         <run_address>0x35ac</run_address>
         <size>0xb4</size>
         <input_file_ref idref="fl-10d"/>
      </object_component>
      <object_component id="oc-3a7">
         <name>.text:_ltostr</name>
         <load_address>0x3660</load_address>
         <run_address>0x3660</run_address>
         <size>0xb1</size>
         <input_file_ref idref="fl-c8"/>
      </object_component>
      <object_component id="oc-36a">
         <name>.text:SPI_initMaster</name>
         <load_address>0x3712</load_address>
         <run_address>0x3712</run_address>
         <size>0xb0</size>
         <input_file_ref idref="fl-115"/>
      </object_component>
      <object_component id="oc-412">
         <name>.text:Graphics_drawLineH</name>
         <load_address>0x37c2</load_address>
         <run_address>0x37c2</run_address>
         <size>0x9c</size>
         <input_file_ref idref="fl-10c"/>
      </object_component>
      <object_component id="oc-3a">
         <name>.text</name>
         <load_address>0x385e</load_address>
         <run_address>0x385e</run_address>
         <size>0x9c</size>
         <input_file_ref idref="fl-d6"/>
      </object_component>
      <object_component id="oc-489">
         <name>.text</name>
         <load_address>0x38fa</load_address>
         <run_address>0x38fa</run_address>
         <size>0x96</size>
         <input_file_ref idref="fl-d8"/>
      </object_component>
      <object_component id="oc-3fd">
         <name>.text:fputc</name>
         <load_address>0x3990</load_address>
         <run_address>0x3990</run_address>
         <size>0x8c</size>
         <input_file_ref idref="fl-ca"/>
      </object_component>
      <object_component id="oc-f5">
         <name>.text:GPIO_setAsPeripheralModuleFunctionInputPin</name>
         <load_address>0x3a1c</load_address>
         <run_address>0x3a1c</run_address>
         <size>0x88</size>
         <input_file_ref idref="fl-110"/>
      </object_component>
      <object_component id="oc-364">
         <name>.text:GPIO_setAsPeripheralModuleFunctionOutputPin</name>
         <load_address>0x3aa4</load_address>
         <run_address>0x3aa4</run_address>
         <size>0x88</size>
         <input_file_ref idref="fl-110"/>
      </object_component>
      <object_component id="oc-3ad">
         <name>.text:__aeabi_cdcmple</name>
         <load_address>0x3b2c</load_address>
         <run_address>0x3b2c</run_address>
         <size>0x86</size>
         <input_file_ref idref="fl-cf"/>
      </object_component>
      <object_component id="oc-490">
         <name>.text:__aeabi_cdrcmple</name>
         <load_address>0x3bb2</load_address>
         <run_address>0x3bb2</run_address>
         <size>0x86</size>
         <input_file_ref idref="fl-cf"/>
      </object_component>
      <object_component id="oc-bf">
         <name>.text:Interrupt_enableInterrupt</name>
         <load_address>0x3c38</load_address>
         <run_address>0x3c38</run_address>
         <size>0x80</size>
         <input_file_ref idref="fl-112"/>
      </object_component>
      <object_component id="oc-94">
         <name>.text</name>
         <load_address>0x3cb8</load_address>
         <run_address>0x3cb8</run_address>
         <size>0x7a</size>
         <input_file_ref idref="fl-d7"/>
      </object_component>
      <object_component id="oc-5ff">
         <name>.text:__TI_closefile</name>
         <load_address>0x3d34</load_address>
         <run_address>0x3d34</run_address>
         <size>0x74</size>
         <input_file_ref idref="fl-100"/>
      </object_component>
      <object_component id="oc-640">
         <name>.text:split</name>
         <load_address>0x3da8</load_address>
         <run_address>0x3da8</run_address>
         <size>0x70</size>
         <input_file_ref idref="fl-e4"/>
      </object_component>
      <object_component id="oc-4b0">
         <name>.text:_mcpy</name>
         <load_address>0x3e18</load_address>
         <run_address>0x3e18</run_address>
         <size>0x6e</size>
         <input_file_ref idref="fl-c8"/>
      </object_component>
      <object_component id="oc-13a">
         <name>.text</name>
         <load_address>0x3e86</load_address>
         <run_address>0x3e86</run_address>
         <size>0x6e</size>
         <input_file_ref idref="fl-d3"/>
      </object_component>
      <object_component id="oc-62f">
         <name>.text:HOSTrename</name>
         <load_address>0x3ef4</load_address>
         <run_address>0x3ef4</run_address>
         <size>0x6c</size>
         <input_file_ref idref="fl-fa"/>
      </object_component>
      <object_component id="oc-623">
         <name>.text:HOSTlseek</name>
         <load_address>0x3f60</load_address>
         <run_address>0x3f60</run_address>
         <size>0x68</size>
         <input_file_ref idref="fl-f7"/>
      </object_component>
      <object_component id="oc-b3">
         <name>.text:Timer_A_configureUpMode</name>
         <load_address>0x3fc8</load_address>
         <run_address>0x3fc8</run_address>
         <size>0x68</size>
         <input_file_ref idref="fl-118"/>
      </object_component>
      <object_component id="oc-17">
         <name>.text:decompress:lzss:__TI_decompress_lzss</name>
         <load_address>0x4030</load_address>
         <run_address>0x4030</run_address>
         <size>0x68</size>
         <input_file_ref idref="fl-db"/>
      </object_component>
      <object_component id="oc-13f">
         <name>.text:printf</name>
         <load_address>0x4098</load_address>
         <run_address>0x4098</run_address>
         <size>0x68</size>
         <input_file_ref idref="fl-c7"/>
      </object_component>
      <object_component id="oc-4c5">
         <name>.text:frexp</name>
         <load_address>0x4100</load_address>
         <run_address>0x4100</run_address>
         <size>0x64</size>
         <input_file_ref idref="fl-ed"/>
      </object_component>
      <object_component id="oc-57e">
         <name>.text:fseek</name>
         <load_address>0x4164</load_address>
         <run_address>0x4164</run_address>
         <size>0x64</size>
         <input_file_ref idref="fl-f0"/>
      </object_component>
      <object_component id="oc-4fc">
         <name>.text:__TI_wrt_ok</name>
         <load_address>0x41c8</load_address>
         <run_address>0x41c8</run_address>
         <size>0x62</size>
         <input_file_ref idref="fl-cc"/>
      </object_component>
      <object_component id="oc-60b">
         <name>.text:HOSTopen</name>
         <load_address>0x422c</load_address>
         <run_address>0x422c</run_address>
         <size>0x60</size>
         <input_file_ref idref="fl-f8"/>
      </object_component>
      <object_component id="oc-428">
         <name>.text:PCM_getCoreVoltageLevel</name>
         <load_address>0x428c</load_address>
         <run_address>0x428c</run_address>
         <size>0x5e</size>
         <input_file_ref idref="fl-113"/>
      </object_component>
      <object_component id="oc-647">
         <name>.text:close</name>
         <load_address>0x42ec</load_address>
         <run_address>0x42ec</run_address>
         <size>0x5c</size>
         <input_file_ref idref="fl-106"/>
      </object_component>
      <object_component id="oc-422">
         <name>.text:PCM_getPowerMode</name>
         <load_address>0x4348</load_address>
         <run_address>0x4348</run_address>
         <size>0x5a</size>
         <input_file_ref idref="fl-113"/>
      </object_component>
      <object_component id="oc-617">
         <name>.text:HOSTread</name>
         <load_address>0x43a4</load_address>
         <run_address>0x43a4</run_address>
         <size>0x58</size>
         <input_file_ref idref="fl-f9"/>
      </object_component>
      <object_component id="oc-61d">
         <name>.text:HOSTwrite</name>
         <load_address>0x43fc</load_address>
         <run_address>0x43fc</run_address>
         <size>0x58</size>
         <input_file_ref idref="fl-fc"/>
      </object_component>
      <object_component id="oc-3b8">
         <name>.text:_pconv_f</name>
         <load_address>0x4454</load_address>
         <run_address>0x4454</run_address>
         <size>0x56</size>
         <input_file_ref idref="fl-c8"/>
      </object_component>
      <object_component id="oc-101">
         <name>.text:ADC14_initModule</name>
         <load_address>0x44ac</load_address>
         <run_address>0x44ac</run_address>
         <size>0x54</size>
         <input_file_ref idref="fl-10d"/>
      </object_component>
      <object_component id="oc-49a">
         <name>.text:__TI_ltoa</name>
         <load_address>0x4500</load_address>
         <run_address>0x4500</run_address>
         <size>0x54</size>
         <input_file_ref idref="fl-de"/>
      </object_component>
      <object_component id="oc-d7">
         <name>.text:Graphics_initContext</name>
         <load_address>0x4554</load_address>
         <run_address>0x4554</run_address>
         <size>0x52</size>
         <input_file_ref idref="fl-108"/>
      </object_component>
      <object_component id="oc-4aa">
         <name>.text:_ecpy</name>
         <load_address>0x45a6</load_address>
         <run_address>0x45a6</run_address>
         <size>0x52</size>
         <input_file_ref idref="fl-c8"/>
      </object_component>
      <object_component id="oc-508">
         <name>.text:__TI_doflush</name>
         <load_address>0x45f8</load_address>
         <run_address>0x45f8</run_address>
         <size>0x4c</size>
         <input_file_ref idref="fl-ee"/>
      </object_component>
      <object_component id="oc-3a1">
         <name>.text:atoi</name>
         <load_address>0x4644</load_address>
         <run_address>0x4644</run_address>
         <size>0x4c</size>
         <input_file_ref idref="fl-df"/>
      </object_component>
      <object_component id="oc-16f">
         <name>.text:FlashCtl_setWaitState</name>
         <load_address>0x4690</load_address>
         <run_address>0x4690</run_address>
         <size>0x48</size>
         <input_file_ref idref="fl-10f"/>
      </object_component>
      <object_component id="oc-145">
         <name>.text:Graphics_drawStringCentered</name>
         <load_address>0x46d8</load_address>
         <run_address>0x46d8</run_address>
         <size>0x48</size>
         <input_file_ref idref="fl-10b"/>
      </object_component>
      <object_component id="oc-1f1">
         <name>.text:exit</name>
         <load_address>0x4720</load_address>
         <run_address>0x4720</run_address>
         <size>0x48</size>
         <input_file_ref idref="fl-dc"/>
      </object_component>
      <object_component id="oc-495">
         <name>.text</name>
         <load_address>0x4768</load_address>
         <run_address>0x4768</run_address>
         <size>0x48</size>
         <input_file_ref idref="fl-d2"/>
      </object_component>
      <object_component id="oc-611">
         <name>.text:HOSTclose</name>
         <load_address>0x47b0</load_address>
         <run_address>0x47b0</run_address>
         <size>0x44</size>
         <input_file_ref idref="fl-f6"/>
      </object_component>
      <object_component id="oc-629">
         <name>.text:HOSTunlink</name>
         <load_address>0x47f4</load_address>
         <run_address>0x47f4</run_address>
         <size>0x44</size>
         <input_file_ref idref="fl-fb"/>
      </object_component>
      <object_component id="oc-1f7">
         <name>.text:__TI_auto_init_nobinit_nopinit:__TI_auto_init_nobinit_nopinit</name>
         <load_address>0x4838</load_address>
         <run_address>0x4838</run_address>
         <size>0x44</size>
         <input_file_ref idref="fl-f2"/>
      </object_component>
      <object_component id="oc-67f">
         <name>.text:getdevice</name>
         <load_address>0x487c</load_address>
         <run_address>0x487c</run_address>
         <size>0x44</size>
         <input_file_ref idref="fl-101"/>
      </object_component>
      <object_component id="oc-151">
         <name>.text:GPIO_setAsOutputPin</name>
         <load_address>0x48c0</load_address>
         <run_address>0x48c0</run_address>
         <size>0x40</size>
         <input_file_ref idref="fl-110"/>
      </object_component>
      <object_component id="oc-40c">
         <name>.text:Graphics_getNumberOfLeadingZeros</name>
         <load_address>0x4900</load_address>
         <run_address>0x4900</run_address>
         <size>0x40</size>
         <input_file_ref idref="fl-10b"/>
      </object_component>
      <object_component id="oc-466">
         <name>.text:is_A_Module</name>
         <load_address>0x4940</load_address>
         <run_address>0x4940</run_address>
         <size>0x40</size>
         <input_file_ref idref="fl-115"/>
      </object_component>
      <object_component id="oc-1ae">
         <name>.text:sprintf</name>
         <load_address>0x4980</load_address>
         <run_address>0x4980</run_address>
         <size>0x40</size>
         <input_file_ref idref="fl-c9"/>
      </object_component>
      <object_component id="oc-4bd">
         <name>.text:_fcpy</name>
         <load_address>0x49c0</load_address>
         <run_address>0x49c0</run_address>
         <size>0x3e</size>
         <input_file_ref idref="fl-c8"/>
      </object_component>
      <object_component id="oc-19c">
         <name>.text:ADC14_getEnabledInterruptStatus</name>
         <load_address>0x4a00</load_address>
         <run_address>0x4a00</run_address>
         <size>0x38</size>
         <input_file_ref idref="fl-10d"/>
      </object_component>
      <object_component id="oc-658">
         <name>.text:__TI_writemsg</name>
         <load_address>0x4a38</load_address>
         <run_address>0x4a38</run_address>
         <size>0x38</size>
         <input_file_ref idref="fl-fd"/>
      </object_component>
      <object_component id="oc-12b">
         <name>.text</name>
         <load_address>0x4a70</load_address>
         <run_address>0x4a70</run_address>
         <size>0x38</size>
         <input_file_ref idref="fl-d4"/>
      </object_component>
      <object_component id="oc-519">
         <name>.text:Graphics_drawHorizontalLineOnDisplay</name>
         <load_address>0x4aa8</load_address>
         <run_address>0x4aa8</run_address>
         <size>0x36</size>
         <input_file_ref idref="fl-109"/>
      </object_component>
      <object_component id="oc-6a1">
         <name>.text:strncpy</name>
         <load_address>0x4ade</load_address>
         <run_address>0x4ade</run_address>
         <size>0x36</size>
         <input_file_ref idref="fl-104"/>
      </object_component>
      <object_component id="oc-113">
         <name>.text:ADC14_enableSampleTimer</name>
         <load_address>0x4b14</load_address>
         <run_address>0x4b14</run_address>
         <size>0x34</size>
         <input_file_ref idref="fl-10d"/>
      </object_component>
      <object_component id="oc-175">
         <name>.text:CS_setDCOCenteredFrequency</name>
         <load_address>0x4b48</load_address>
         <run_address>0x4b48</run_address>
         <size>0x34</size>
         <input_file_ref idref="fl-10e"/>
      </object_component>
      <object_component id="oc-5c2">
         <name>.text:__TI_cleanup</name>
         <load_address>0x4b7c</load_address>
         <run_address>0x4b7c</run_address>
         <size>0x34</size>
         <input_file_ref idref="fl-ef"/>
      </object_component>
      <object_component id="oc-65e">
         <name>.text:__TI_readmsg</name>
         <load_address>0x4bb0</load_address>
         <run_address>0x4bb0</run_address>
         <size>0x34</size>
         <input_file_ref idref="fl-fd"/>
      </object_component>
      <object_component id="oc-58">
         <name>.text:_c_int00_noargs:_c_int00_noargs</name>
         <load_address>0x4be4</load_address>
         <run_address>0x4be4</run_address>
         <size>0x34</size>
         <input_file_ref idref="fl-e7"/>
      </object_component>
      <object_component id="oc-1a2">
         <name>.text:ADC14_clearInterruptFlag</name>
         <load_address>0x4c18</load_address>
         <run_address>0x4c18</run_address>
         <size>0x30</size>
         <input_file_ref idref="fl-10d"/>
      </object_component>
      <object_component id="oc-11f">
         <name>.text:ADC14_enableInterrupt</name>
         <load_address>0x4c48</load_address>
         <run_address>0x4c48</run_address>
         <size>0x30</size>
         <input_file_ref idref="fl-10d"/>
      </object_component>
      <object_component id="oc-6a7">
         <name>.text:finddevice</name>
         <load_address>0x4c78</load_address>
         <run_address>0x4c78</run_address>
         <size>0x30</size>
         <input_file_ref idref="fl-101"/>
      </object_component>
      <object_component id="oc-4a0">
         <name>.text</name>
         <load_address>0x4ca8</load_address>
         <run_address>0x4ca8</run_address>
         <size>0x2e</size>
         <input_file_ref idref="fl-d5"/>
      </object_component>
      <object_component id="oc-302">
         <name>.text:ADC14_getInterruptStatus</name>
         <load_address>0x4cd8</load_address>
         <run_address>0x4cd8</run_address>
         <size>0x2c</size>
         <input_file_ref idref="fl-10d"/>
      </object_component>
      <object_component id="oc-125">
         <name>.text:ADC14_toggleConversionTrigger</name>
         <load_address>0x4d04</load_address>
         <run_address>0x4d04</run_address>
         <size>0x2c</size>
         <input_file_ref idref="fl-10d"/>
      </object_component>
      <object_component id="oc-418">
         <name>.text:Graphics_drawPixelOnDisplay</name>
         <load_address>0x4d30</load_address>
         <run_address>0x4d30</run_address>
         <size>0x2c</size>
         <input_file_ref idref="fl-109"/>
      </object_component>
      <object_component id="oc-187">
         <name>.text:Timer_A_clearCaptureCompareInterrupt</name>
         <load_address>0x4d5c</load_address>
         <run_address>0x4d5c</run_address>
         <size>0x2c</size>
         <input_file_ref idref="fl-118"/>
      </object_component>
      <object_component id="oc-64d">
         <name>.text:unlink</name>
         <load_address>0x4d88</load_address>
         <run_address>0x4d88</run_address>
         <size>0x2c</size>
         <input_file_ref idref="fl-107"/>
      </object_component>
      <object_component id="oc-119">
         <name>.text:ADC14_enableConversion</name>
         <load_address>0x4db4</load_address>
         <run_address>0x4db4</run_address>
         <size>0x28</size>
         <input_file_ref idref="fl-10d"/>
      </object_component>
      <object_component id="oc-1a8">
         <name>.text:ADC14_getResult</name>
         <load_address>0x4ddc</load_address>
         <run_address>0x4ddc</run_address>
         <size>0x28</size>
         <input_file_ref idref="fl-10d"/>
      </object_component>
      <object_component id="oc-157">
         <name>.text:GPIO_setOutputHighOnPin</name>
         <load_address>0x4e04</load_address>
         <run_address>0x4e04</run_address>
         <size>0x28</size>
         <input_file_ref idref="fl-110"/>
      </object_component>
      <object_component id="oc-14b">
         <name>.text:GPIO_setOutputLowOnPin</name>
         <load_address>0x4e2c</load_address>
         <run_address>0x4e2c</run_address>
         <size>0x28</size>
         <input_file_ref idref="fl-110"/>
      </object_component>
      <object_component id="oc-181">
         <name>.text:PCM_gotoLPM0</name>
         <load_address>0x4e54</load_address>
         <run_address>0x4e54</run_address>
         <size>0x28</size>
         <input_file_ref idref="fl-113"/>
      </object_component>
      <object_component id="oc-5f1">
         <name>.text:free_list_insert</name>
         <load_address>0x4e7c</load_address>
         <run_address>0x4e7c</run_address>
         <size>0x28</size>
         <input_file_ref idref="fl-e4"/>
      </object_component>
      <object_component id="oc-5ae">
         <name>.text:lseek</name>
         <load_address>0x4ea4</load_address>
         <run_address>0x4ea4</run_address>
         <size>0x28</size>
         <input_file_ref idref="fl-ff"/>
      </object_component>
      <object_component id="oc-50e">
         <name>.text:write</name>
         <load_address>0x4ecc</load_address>
         <run_address>0x4ecc</run_address>
         <size>0x28</size>
         <input_file_ref idref="fl-e8"/>
      </object_component>
      <object_component id="oc-15d">
         <name>.text:WDT_A_holdTimer</name>
         <load_address>0x4ef4</load_address>
         <run_address>0x4ef4</run_address>
         <size>0x24</size>
         <input_file_ref idref="fl-119"/>
      </object_component>
      <object_component id="oc-502">
         <name>.text:memchr</name>
         <load_address>0x4f18</load_address>
         <run_address>0x4f18</run_address>
         <size>0x20</size>
         <input_file_ref idref="fl-e3"/>
      </object_component>
      <object_component id="oc-370">
         <name>.text:SPI_enableModule</name>
         <load_address>0x4f38</load_address>
         <run_address>0x4f38</run_address>
         <size>0x1c</size>
         <input_file_ref idref="fl-115"/>
      </object_component>
      <object_component id="oc-46">
         <name>.text:decompress:ZI:__TI_zero_init_nomemset:__TI_zero_init_nomemset</name>
         <load_address>0x4f54</load_address>
         <run_address>0x4f54</run_address>
         <size>0x1c</size>
         <input_file_ref idref="fl-d9"/>
      </object_component>
      <object_component id="oc-5eb">
         <name>.text:free_list_remove</name>
         <load_address>0x4f70</load_address>
         <run_address>0x4f70</run_address>
         <size>0x1c</size>
         <input_file_ref idref="fl-e4"/>
      </object_component>
      <object_component id="oc-3ca">
         <name>.text:memccpy</name>
         <load_address>0x4f8c</load_address>
         <run_address>0x4f8c</run_address>
         <size>0x1c</size>
         <input_file_ref idref="fl-e2"/>
      </object_component>
      <object_component id="oc-26f">
         <name>.text:Graphics_clearDisplayOnDisplay</name>
         <load_address>0x4fa8</load_address>
         <run_address>0x4fa8</run_address>
         <size>0x1a</size>
         <input_file_ref idref="fl-109"/>
      </object_component>
      <object_component id="oc-e3">
         <name>.text:Graphics_setBackgroundColor</name>
         <load_address>0x4fc2</load_address>
         <run_address>0x4fc2</run_address>
         <size>0x1a</size>
         <input_file_ref idref="fl-108"/>
      </object_component>
      <object_component id="oc-e9">
         <name>.text:Graphics_setFont</name>
         <load_address>0x4fdc</load_address>
         <run_address>0x4fdc</run_address>
         <size>0x1a</size>
         <input_file_ref idref="fl-108"/>
      </object_component>
      <object_component id="oc-562">
         <name>.text:copysign</name>
         <load_address>0x4ff6</load_address>
         <run_address>0x4ff6</run_address>
         <size>0x1a</size>
         <input_file_ref idref="fl-ec"/>
      </object_component>
      <object_component id="oc-30b">
         <name>.text:_outs</name>
         <load_address>0x5010</load_address>
         <run_address>0x5010</run_address>
         <size>0x18</size>
         <input_file_ref idref="fl-c9"/>
      </object_component>
      <object_component id="oc-6be">
         <name>.text:strcmp</name>
         <load_address>0x5028</load_address>
         <run_address>0x5028</run_address>
         <size>0x18</size>
         <input_file_ref idref="fl-102"/>
      </object_component>
      <object_component id="oc-46e">
         <name>.text:EUSCI_A_SPI_enable</name>
         <load_address>0x5040</load_address>
         <run_address>0x5040</run_address>
         <size>0x16</size>
         <input_file_ref idref="fl-115"/>
      </object_component>
      <object_component id="oc-474">
         <name>.text:EUSCI_B_SPI_enable</name>
         <load_address>0x5056</load_address>
         <run_address>0x5056</run_address>
         <size>0x16</size>
         <input_file_ref idref="fl-115"/>
      </object_component>
      <object_component id="oc-dd">
         <name>.text:Graphics_setForegroundColor</name>
         <load_address>0x506c</load_address>
         <run_address>0x506c</run_address>
         <size>0x16</size>
         <input_file_ref idref="fl-108"/>
      </object_component>
      <object_component id="oc-266">
         <name>.text:Graphics_translateColorOnDisplay</name>
         <load_address>0x5082</load_address>
         <run_address>0x5082</run_address>
         <size>0x16</size>
         <input_file_ref idref="fl-109"/>
      </object_component>
      <object_component id="oc-c5">
         <name>.text:Timer_A_startCounter</name>
         <load_address>0x5098</load_address>
         <run_address>0x5098</run_address>
         <size>0x16</size>
         <input_file_ref idref="fl-118"/>
      </object_component>
      <object_component id="oc-4d1">
         <name>.text:strchr</name>
         <load_address>0x50ae</load_address>
         <run_address>0x50ae</run_address>
         <size>0x16</size>
         <input_file_ref idref="fl-e5"/>
      </object_component>
      <object_component id="oc-42e">
         <name>.text:PCM_getPowerState</name>
         <load_address>0x50c4</load_address>
         <run_address>0x50c4</run_address>
         <size>0x14</size>
         <input_file_ref idref="fl-113"/>
      </object_component>
      <object_component id="oc-672">
         <name>.text:strcpy</name>
         <load_address>0x50d8</load_address>
         <run_address>0x50d8</run_address>
         <size>0x14</size>
         <input_file_ref idref="fl-103"/>
      </object_component>
      <object_component id="oc-39b">
         <name>.text:strlen</name>
         <load_address>0x50ec</load_address>
         <run_address>0x50ec</run_address>
         <size>0x14</size>
         <input_file_ref idref="fl-e6"/>
      </object_component>
      <object_component id="oc-ef">
         <name>.text:Graphics_clearDisplay</name>
         <load_address>0x5100</load_address>
         <run_address>0x5100</run_address>
         <size>0x12</size>
         <input_file_ref idref="fl-108"/>
      </object_component>
      <object_component id="oc-3d0">
         <name>.text:wcslen</name>
         <load_address>0x5112</load_address>
         <run_address>0x5112</run_address>
         <size>0x12</size>
         <input_file_ref idref="fl-eb"/>
      </object_component>
      <object_component id="oc-27b">
         <name>.text:ADCIsConversionRunning</name>
         <load_address>0x5124</load_address>
         <run_address>0x5124</run_address>
         <size>0x10</size>
         <input_file_ref idref="fl-10d"/>
      </object_component>
      <object_component id="oc-163">
         <name>.text:Interrupt_disableMaster</name>
         <load_address>0x5134</load_address>
         <run_address>0x5134</run_address>
         <size>0x10</size>
         <input_file_ref idref="fl-112"/>
      </object_component>
      <object_component id="oc-cb">
         <name>.text:Interrupt_enableMaster</name>
         <load_address>0x5144</load_address>
         <run_address>0x5144</run_address>
         <size>0x10</size>
         <input_file_ref idref="fl-112"/>
      </object_component>
      <object_component id="oc-b9">
         <name>.text:Interrupt_enableSleepOnIsrExit</name>
         <load_address>0x5154</load_address>
         <run_address>0x5154</run_address>
         <size>0x10</size>
         <input_file_ref idref="fl-112"/>
      </object_component>
      <object_component id="oc-169">
         <name>.text:PCM_setCoreVoltageLevel</name>
         <load_address>0x5164</load_address>
         <run_address>0x5164</run_address>
         <size>0x10</size>
         <input_file_ref idref="fl-113"/>
      </object_component>
      <object_component id="oc-434">
         <name>.text:PCM_setPowerMode</name>
         <load_address>0x5174</load_address>
         <run_address>0x5174</run_address>
         <size>0x10</size>
         <input_file_ref idref="fl-113"/>
      </object_component>
      <object_component id="oc-1d">
         <name>.text:decompress:none:__TI_decompress_none</name>
         <load_address>0x5184</load_address>
         <run_address>0x5184</run_address>
         <size>0xe</size>
         <input_file_ref idref="fl-da"/>
      </object_component>
      <object_component id="oc-6a">
         <name>.text</name>
         <load_address>0x5192</load_address>
         <run_address>0x5192</run_address>
         <size>0xe</size>
         <input_file_ref idref="fl-5"/>
      </object_component>
      <object_component id="oc-fb">
         <name>.text:ADC14_enableModule</name>
         <load_address>0x51a0</load_address>
         <run_address>0x51a0</run_address>
         <size>0xc</size>
         <input_file_ref idref="fl-10d"/>
      </object_component>
      <object_component id="oc-2c7">
         <name>.text:CPU_cpsid</name>
         <load_address>0x51ac</load_address>
         <run_address>0x51ac</run_address>
         <size>0xc</size>
         <input_file_ref idref="fl-11a"/>
      </object_component>
      <object_component id="oc-245">
         <name>.text:CPU_cpsie</name>
         <load_address>0x51b8</load_address>
         <run_address>0x51b8</run_address>
         <size>0xc</size>
         <input_file_ref idref="fl-11a"/>
      </object_component>
      <object_component id="oc-311">
         <name>.text:_outc</name>
         <load_address>0x51c4</load_address>
         <run_address>0x51c4</run_address>
         <size>0xa</size>
         <input_file_ref idref="fl-c9"/>
      </object_component>
      <object_component id="oc-3d6">
         <name>.text:__aeabi_errno_addr</name>
         <load_address>0x51d0</load_address>
         <run_address>0x51d0</run_address>
         <size>0x8</size>
         <input_file_ref idref="fl-ea"/>
      </object_component>
      <object_component id="oc-5bc">
         <name>.text:malloc</name>
         <load_address>0x51d8</load_address>
         <run_address>0x51d8</run_address>
         <size>0x8</size>
         <input_file_ref idref="fl-e4"/>
      </object_component>
      <object_component id="oc-2d8">
         <name>.text:CPU_wfi</name>
         <load_address>0x51e0</load_address>
         <run_address>0x51e0</run_address>
         <size>0x4</size>
         <input_file_ref idref="fl-11a"/>
      </object_component>
      <object_component id="oc-2a8">
         <name>.text:_outc</name>
         <load_address>0x51e4</load_address>
         <run_address>0x51e4</run_address>
         <size>0x4</size>
         <input_file_ref idref="fl-c7"/>
      </object_component>
      <object_component id="oc-2a2">
         <name>.text:_outs</name>
         <load_address>0x51e8</load_address>
         <run_address>0x51e8</run_address>
         <size>0x4</size>
         <input_file_ref idref="fl-c7"/>
      </object_component>
      <object_component id="oc-9a">
         <name>.text:_system_pre_init</name>
         <load_address>0x51ec</load_address>
         <run_address>0x51ec</run_address>
         <size>0x4</size>
         <input_file_ref idref="fl-f3"/>
      </object_component>
      <object_component id="oc-1eb">
         <name>.text:abort:abort</name>
         <load_address>0x51f0</load_address>
         <run_address>0x51f0</run_address>
         <size>0x4</size>
         <input_file_ref idref="fl-dc"/>
      </object_component>
      <object_component id="oc-2fc">
         <name>.const:.string:g_pucFontFixed6x8Data</name>
         <load_address>0x51f4</load_address>
         <run_address>0x51f4</run_address>
         <size>0x2f8</size>
         <input_file_ref idref="fl-10a"/>
      </object_component>
      <object_component id="oc-484">
         <name>.const:.string:_ctypes_</name>
         <load_address>0x54ec</load_address>
         <run_address>0x54ec</run_address>
         <size>0x101</size>
         <input_file_ref idref="fl-e0"/>
      </object_component>
      <object_component id="oc-199">
         <name>.const:g_sFontFixed6x8</name>
         <load_address>0x55f0</load_address>
         <run_address>0x55f0</run_address>
         <size>0xc8</size>
         <input_file_ref idref="fl-10a"/>
      </object_component>
      <object_component id="oc-288">
         <name>.const:_ctlRegs</name>
         <load_address>0x56b8</load_address>
         <run_address>0x56b8</run_address>
         <size>0x80</size>
         <input_file_ref idref="fl-10d"/>
      </object_component>
      <object_component id="oc-276">
         <name>.const:GPIO_PORT_TO_BASE</name>
         <load_address>0x5738</load_address>
         <run_address>0x5738</run_address>
         <size>0x30</size>
         <input_file_ref idref="fl-110"/>
      </object_component>
      <object_component id="oc-196">
         <name>.const:g_sCrystalfontz128x128_funcs</name>
         <load_address>0x5768</load_address>
         <run_address>0x5768</run_address>
         <size>0x20</size>
         <input_file_ref idref="fl-7"/>
      </object_component>
      <object_component id="oc-376">
         <name>.const:$P$T0$1</name>
         <load_address>0x5788</load_address>
         <run_address>0x5788</run_address>
         <size>0x1c</size>
         <input_file_ref idref="fl-8"/>
      </object_component>
      <object_component id="oc-18d">
         <name>.const:upConfig</name>
         <load_address>0x57a4</load_address>
         <run_address>0x57a4</run_address>
         <size>0x18</size>
         <input_file_ref idref="fl-4"/>
      </object_component>
      <object_component id="oc-25b">
         <name>.const:$P$T0$1</name>
         <load_address>0x57bc</load_address>
         <run_address>0x57bc</run_address>
         <size>0x8</size>
         <input_file_ref idref="fl-7"/>
      </object_component>
      <object_component id="oc-23b">
         <name>.const:g_pulEnRegs</name>
         <load_address>0x57c4</load_address>
         <run_address>0x57c4</run_address>
         <size>0x8</size>
         <input_file_ref idref="fl-112"/>
      </object_component>
      <object_component id="oc-6fe">
         <name>.cinit..data.load</name>
         <load_address>0x57d0</load_address>
         <run_address>0x57d0</run_address>
         <size>0x75</size>
      </object_component>
      <object_component id="oc-6fc">
         <name>__TI_handler_table</name>
         <load_address>0x5848</load_address>
         <run_address>0x5848</run_address>
         <size>0xc</size>
      </object_component>
      <object_component id="oc-6ff">
         <name>.cinit..bss.load</name>
         <load_address>0x5858</load_address>
         <run_address>0x5858</run_address>
         <size>0x8</size>
      </object_component>
      <object_component id="oc-6fd">
         <name>__TI_cinit_table</name>
         <load_address>0x5860</load_address>
         <run_address>0x5860</run_address>
         <size>0x10</size>
      </object_component>
      <object_component id="oc-6d0">
         <name>.binit</name>
         <load_address>0x0</load_address>
         <run_address>0x0</run_address>
         <size>0x0</size>
      </object_component>
      <object_component id="oc-1ba">
         <name>.data</name>
         <load_address>0x200005fc</load_address>
         <run_address>0x200005fc</run_address>
         <size>0x2</size>
         <input_file_ref idref="fl-4"/>
      </object_component>
      <object_component id="oc-229">
         <name>.data</name>
         <load_address>0x200005f8</load_address>
         <run_address>0x200005f8</run_address>
         <size>0x4</size>
         <input_file_ref idref="fl-6"/>
      </object_component>
      <object_component id="oc-193">
         <name>.data:g_sCrystalfontz128x128</name>
         <load_address>0x200005b8</load_address>
         <run_address>0x200005b8</run_address>
         <size>0x10</size>
         <input_file_ref idref="fl-7"/>
      </object_component>
      <object_component id="oc-326">
         <name>.data:$O1$$</name>
         <load_address>0x200005d8</load_address>
         <run_address>0x200005d8</run_address>
         <size>0xc</size>
         <input_file_ref idref="fl-dc"/>
      </object_component>
      <object_component id="oc-29c">
         <name>.data:$O1$$</name>
         <load_address>0x200005e4</load_address>
         <run_address>0x200005e4</run_address>
         <size>0x8</size>
         <input_file_ref idref="fl-dd"/>
      </object_component>
      <object_component id="oc-29f">
         <name>.data:_ftable</name>
         <load_address>0x20000400</load_address>
         <run_address>0x20000400</run_address>
         <size>0xf0</size>
         <input_file_ref idref="fl-e1"/>
      </object_component>
      <object_component id="oc-605">
         <name>.data</name>
         <load_address>0x200005c8</load_address>
         <run_address>0x200005c8</run_address>
         <size>0x10</size>
         <input_file_ref idref="fl-e1"/>
      </object_component>
      <object_component id="oc-63b">
         <name>.data:$O1$$</name>
         <load_address>0x200005ec</load_address>
         <run_address>0x200005ec</run_address>
         <size>0x8</size>
         <input_file_ref idref="fl-e4"/>
      </object_component>
      <object_component id="oc-5d5">
         <name>.data:_device</name>
         <load_address>0x200004f0</load_address>
         <run_address>0x200004f0</run_address>
         <size>0x78</size>
         <input_file_ref idref="fl-e9"/>
      </object_component>
      <object_component id="oc-590">
         <name>.data:_stream</name>
         <load_address>0x20000568</load_address>
         <run_address>0x20000568</run_address>
         <size>0x50</size>
         <input_file_ref idref="fl-e9"/>
      </object_component>
      <object_component id="oc-4e1">
         <name>.data</name>
         <load_address>0x200005f4</load_address>
         <run_address>0x200005f4</run_address>
         <size>0x4</size>
         <input_file_ref idref="fl-ea"/>
      </object_component>
      <object_component id="oc-1b4">
         <name>.bss</name>
         <uninitialized>true</uninitialized>
         <run_address>0x200007e8</run_address>
         <size>0x2</size>
         <input_file_ref idref="fl-4"/>
      </object_component>
      <object_component id="oc-1b7">
         <name>.bss:resultsBuffer</name>
         <uninitialized>true</uninitialized>
         <run_address>0x200007e4</run_address>
         <size>0x4</size>
         <input_file_ref idref="fl-4"/>
      </object_component>
      <object_component id="oc-689">
         <name>.bss:_CIOBUF_</name>
         <uninitialized>true</uninitialized>
         <run_address>0x20000600</run_address>
         <size>0x120</size>
         <input_file_ref idref="fl-fd"/>
      </object_component>
      <object_component id="oc-190">
         <name>.common:g_sContext</name>
         <uninitialized>true</uninitialized>
         <run_address>0x200007c0</run_address>
         <size>0x1c</size>
      </object_component>
      <object_component id="oc-25a">
         <name>.common:Lcd_Orientation</name>
         <uninitialized>true</uninitialized>
         <run_address>0x200007f2</run_address>
         <size>0x1</size>
      </object_component>
      <object_component id="oc-252">
         <name>.common:Lcd_ScreenWidth</name>
         <uninitialized>true</uninitialized>
         <run_address>0x200007ec</run_address>
         <size>0x2</size>
      </object_component>
      <object_component id="oc-255">
         <name>.common:Lcd_ScreenHeigth</name>
         <uninitialized>true</uninitialized>
         <run_address>0x200007ea</run_address>
         <size>0x2</size>
      </object_component>
      <object_component id="oc-256">
         <name>.common:Lcd_PenSolid</name>
         <uninitialized>true</uninitialized>
         <run_address>0x200007f3</run_address>
         <size>0x1</size>
      </object_component>
      <object_component id="oc-257">
         <name>.common:Lcd_FontSolid</name>
         <uninitialized>true</uninitialized>
         <run_address>0x200007f1</run_address>
         <size>0x1</size>
      </object_component>
      <object_component id="oc-258">
         <name>.common:Lcd_FlagRead</name>
         <uninitialized>true</uninitialized>
         <run_address>0x200007f0</run_address>
         <size>0x1</size>
      </object_component>
      <object_component id="oc-259">
         <name>.common:Lcd_TouchTrim</name>
         <uninitialized>true</uninitialized>
         <run_address>0x200007ee</run_address>
         <size>0x2</size>
      </object_component>
      <object_component id="oc-653">
         <name>.common:__TI_tmpnams</name>
         <uninitialized>true</uninitialized>
         <run_address>0x20000720</run_address>
         <size>0xa0</size>
      </object_component>
      <object_component id="oc-664">
         <name>.common:parmbuf</name>
         <uninitialized>true</uninitialized>
         <run_address>0x200007dc</run_address>
         <size>0x8</size>
      </object_component>
      <object_component id="oc-29">
         <name>.sysmem</name>
         <uninitialized>true</uninitialized>
         <run_address>0x20000000</run_address>
         <size>0x10</size>
         <input_file_ref idref="fl-e4"/>
      </object_component>
      <object_component id="oc-702">
         <name>.sysmem</name>
         <uninitialized>true</uninitialized>
         <run_address>0x20000000</run_address>
         <size>0x0</size>
      </object_component>
      <object_component id="oc-2c">
         <name>.stack</name>
         <uninitialized>true</uninitialized>
         <run_address>0x2000fe00</run_address>
         <size>0x4</size>
         <input_file_ref idref="fl-e7"/>
      </object_component>
      <object_component id="oc-701">
         <name>.stack</name>
         <uninitialized>true</uninitialized>
         <run_address>0x2000fe00</run_address>
         <size>0x0</size>
      </object_component>
      <object_component id="oc-324">
         <name>.debug_info</name>
         <load_address>0x0</load_address>
         <run_address>0x0</run_address>
         <size>0x99a</size>
         <input_file_ref idref="fl-2"/>
      </object_component>
      <object_component id="oc-447">
         <name>.debug_info</name>
         <load_address>0x99a</load_address>
         <run_address>0x99a</run_address>
         <size>0x9a</size>
         <input_file_ref idref="fl-2"/>
      </object_component>
      <object_component id="oc-1ca">
         <name>.debug_info</name>
         <load_address>0xa34</load_address>
         <run_address>0xa34</run_address>
         <size>0x26b</size>
         <input_file_ref idref="fl-2"/>
      </object_component>
      <object_component id="oc-2e9">
         <name>.debug_info</name>
         <load_address>0xc9f</load_address>
         <run_address>0xc9f</run_address>
         <size>0x1055</size>
         <input_file_ref idref="fl-2"/>
      </object_component>
      <object_component id="oc-2e4">
         <name>.debug_info</name>
         <load_address>0x1cf4</load_address>
         <run_address>0x1cf4</run_address>
         <size>0x37e2</size>
         <input_file_ref idref="fl-2"/>
      </object_component>
      <object_component id="oc-2ee">
         <name>.debug_info</name>
         <load_address>0x54d6</load_address>
         <run_address>0x54d6</run_address>
         <size>0x341</size>
         <input_file_ref idref="fl-2"/>
      </object_component>
      <object_component id="oc-1be">
         <name>.debug_info</name>
         <load_address>0x5817</load_address>
         <run_address>0x5817</run_address>
         <size>0x8b</size>
         <input_file_ref idref="fl-2"/>
      </object_component>
      <object_component id="oc-31f">
         <name>.debug_info</name>
         <load_address>0x58a2</load_address>
         <run_address>0x58a2</run_address>
         <size>0x2a4</size>
         <input_file_ref idref="fl-2"/>
      </object_component>
      <object_component id="oc-2f3">
         <name>.debug_info</name>
         <load_address>0x5b46</load_address>
         <run_address>0x5b46</run_address>
         <size>0xef</size>
         <input_file_ref idref="fl-2"/>
      </object_component>
      <object_component id="oc-1c3">
         <name>.debug_info</name>
         <load_address>0x5c35</load_address>
         <run_address>0x5c35</run_address>
         <size>0xbb</size>
         <input_file_ref idref="fl-2"/>
      </object_component>
      <object_component id="oc-37a">
         <name>.debug_info</name>
         <load_address>0x5cf0</load_address>
         <run_address>0x5cf0</run_address>
         <size>0x131</size>
         <input_file_ref idref="fl-2"/>
      </object_component>
      <object_component id="oc-35">
         <name>.debug_info</name>
         <load_address>0x5e21</load_address>
         <run_address>0x5e21</run_address>
         <size>0x84</size>
         <input_file_ref idref="fl-3"/>
      </object_component>
      <object_component id="oc-191">
         <name>.debug_info</name>
         <load_address>0x5ea5</load_address>
         <run_address>0x5ea5</run_address>
         <size>0x11e0</size>
         <input_file_ref idref="fl-4"/>
      </object_component>
      <object_component id="oc-1b5">
         <name>.debug_info</name>
         <load_address>0x7085</load_address>
         <run_address>0x7085</run_address>
         <size>0xd5</size>
         <input_file_ref idref="fl-4"/>
      </object_component>
      <object_component id="oc-1b8">
         <name>.debug_info</name>
         <load_address>0x715a</load_address>
         <run_address>0x715a</run_address>
         <size>0xd7</size>
         <input_file_ref idref="fl-4"/>
      </object_component>
      <object_component id="oc-1bb">
         <name>.debug_info</name>
         <load_address>0x7231</load_address>
         <run_address>0x7231</run_address>
         <size>0xd2</size>
         <input_file_ref idref="fl-4"/>
      </object_component>
      <object_component id="oc-18e">
         <name>.debug_info</name>
         <load_address>0x7303</load_address>
         <run_address>0x7303</run_address>
         <size>0xce</size>
         <input_file_ref idref="fl-4"/>
      </object_component>
      <object_component id="oc-71">
         <name>.debug_info</name>
         <load_address>0x73d1</load_address>
         <run_address>0x73d1</run_address>
         <size>0xdf0</size>
         <input_file_ref idref="fl-4"/>
      </object_component>
      <object_component id="oc-25f">
         <name>.debug_info</name>
         <load_address>0x81c1</load_address>
         <run_address>0x81c1</run_address>
         <size>0x439</size>
         <input_file_ref idref="fl-4"/>
      </object_component>
      <object_component id="oc-2b0">
         <name>.debug_info</name>
         <load_address>0x85fa</load_address>
         <run_address>0x85fa</run_address>
         <size>0x2c</size>
         <input_file_ref idref="fl-4"/>
      </object_component>
      <object_component id="oc-78">
         <name>.debug_info</name>
         <load_address>0x8626</load_address>
         <run_address>0x8626</run_address>
         <size>0x2c5</size>
         <input_file_ref idref="fl-5"/>
      </object_component>
      <object_component id="oc-27">
         <name>.debug_info</name>
         <load_address>0x88eb</load_address>
         <run_address>0x88eb</run_address>
         <size>0xf1</size>
         <input_file_ref idref="fl-5"/>
      </object_component>
      <object_component id="oc-6d">
         <name>.debug_info</name>
         <load_address>0x89dc</load_address>
         <run_address>0x89dc</run_address>
         <size>0x1b8</size>
         <input_file_ref idref="fl-5"/>
      </object_component>
      <object_component id="oc-22a">
         <name>.debug_info</name>
         <load_address>0x8b94</load_address>
         <run_address>0x8b94</run_address>
         <size>0xea</size>
         <input_file_ref idref="fl-6"/>
      </object_component>
      <object_component id="oc-ad">
         <name>.debug_info</name>
         <load_address>0x8c7e</load_address>
         <run_address>0x8c7e</run_address>
         <size>0x25c</size>
[...]
      </symbol>
      <symbol id="sm-725">
         <name>frexpl</name>
         <value>0x4101</value>
         <object_component_ref idref="oc-4c5"/>
      </symbol>
      <symbol id="sm-726">
         <name>frexp</name>
         <value>0x4101</value>
         <object_component_ref idref="oc-4c5"/>
      </symbol>
      <symbol id="sm-736">
         <name>__TI_doflush</name>
         <value>0x45f9</value>
         <object_component_ref idref="oc-508"/>
      </symbol>
      <symbol id="sm-746">
         <name>__TI_cleanup</name>
         <value>0x4b7d</value>
         <object_component_ref idref="oc-5c2"/>
      </symbol>
      <symbol id="sm-758">
         <name>fseek</name>
         <value>0x4165</value>
         <object_component_ref idref="oc-57e"/>
      </symbol>
      <symbol id="sm-762">
         <name>__aeabi_idiv0</name>
         <value>0x1633</value>
         <object_component_ref idref="oc-54b"/>
      </symbol>
      <symbol id="sm-763">
         <name>__aeabi_ldiv0</name>
         <value>0x1633</value>
         <object_component_ref idref="oc-54b"/>
      </symbol>
      <symbol id="sm-78b">
         <name>__TI_auto_init_nobinit_nopinit</name>
         <value>0x4839</value>
         <object_component_ref idref="oc-1f7"/>
      </symbol>
      <symbol id="sm-795">
         <name>_system_pre_init</name>
         <value>0x51ed</value>
         <object_component_ref idref="oc-9a"/>
      </symbol>
      <symbol id="sm-7a8">
         <name>HOSTclose</name>
         <value>0x47b1</value>
         <object_component_ref idref="oc-611"/>
      </symbol>
      <symbol id="sm-7b9">
         <name>HOSTlseek</name>
         <value>0x3f61</value>
         <object_component_ref idref="oc-623"/>
      </symbol>
      <symbol id="sm-7cb">
         <name>parmbuf</name>
         <value>0x200007dc</value>
      </symbol>
      <symbol id="sm-7cc">
         <name>HOSTopen</name>
         <value>0x422d</value>
         <object_component_ref idref="oc-60b"/>
      </symbol>
      <symbol id="sm-7dd">
         <name>HOSTread</name>
         <value>0x43a5</value>
         <object_component_ref idref="oc-617"/>
      </symbol>
      <symbol id="sm-7ee">
         <name>HOSTrename</name>
         <value>0x3ef5</value>
         <object_component_ref idref="oc-62f"/>
      </symbol>
      <symbol id="sm-7ff">
         <name>HOSTunlink</name>
         <value>0x47f5</value>
         <object_component_ref idref="oc-629"/>
      </symbol>
      <symbol id="sm-810">
         <name>HOSTwrite</name>
         <value>0x43fd</value>
         <object_component_ref idref="oc-61d"/>
      </symbol>
      <symbol id="sm-834">
         <name>__TI_readmsg</name>
         <value>0x4bb1</value>
         <object_component_ref idref="oc-65e"/>
      </symbol>
      <symbol id="sm-835">
         <name>C$$IO$$</name>
         <value>0x4a67</value>
         <object_component_ref idref="oc-658"/>
      </symbol>
      <symbol id="sm-836">
         <name>__CIOBUF_</name>
         <value>0x20000600</value>
         <object_component_ref idref="oc-689"/>
      </symbol>
      <symbol id="sm-837">
         <name>__TI_writemsg</name>
         <value>0x4a39</value>
         <object_component_ref idref="oc-658"/>
      </symbol>
      <symbol id="sm-848">
         <name>lseek</name>
         <value>0x4ea5</value>
         <object_component_ref idref="oc-5ae"/>
      </symbol>
      <symbol id="sm-85d">
         <name>__TI_closefile</name>
         <value>0x3d35</value>
         <object_component_ref idref="oc-5ff"/>
      </symbol>
      <symbol id="sm-880">
         <name>finddevice</name>
         <value>0x4c79</value>
         <object_component_ref idref="oc-6a7"/>
      </symbol>
      <symbol id="sm-881">
         <name>getdevice</name>
         <value>0x487d</value>
         <object_component_ref idref="oc-67f"/>
      </symbol>
      <symbol id="sm-890">
         <name>strcmp</name>
         <value>0x5029</value>
         <object_component_ref idref="oc-6be"/>
      </symbol>
      <symbol id="sm-89e">
         <name>strcpy</name>
         <value>0x50d9</value>
         <object_component_ref idref="oc-672"/>
      </symbol>
      <symbol id="sm-8ae">
         <name>strncpy</name>
         <value>0x4adf</value>
         <object_component_ref idref="oc-6a1"/>
      </symbol>
      <symbol id="sm-8c3">
         <name>close</name>
         <value>0x42ed</value>
         <object_component_ref idref="oc-647"/>
      </symbol>
      <symbol id="sm-8d3">
         <name>unlink</name>
         <value>0x4d89</value>
         <object_component_ref idref="oc-64d"/>
      </symbol>
      <symbol id="sm-919">
         <name>Graphics_setBackgroundColor</name>
         <value>0x4fc3</value>
         <object_component_ref idref="oc-e3"/>
      </symbol>
      <symbol id="sm-91a">
         <name>Graphics_setFont</name>
         <value>0x4fdd</value>
         <object_component_ref idref="oc-e9"/>
      </symbol>
      <symbol id="sm-91b">
         <name>Graphics_initContext</name>
         <value>0x4555</value>
         <object_component_ref idref="oc-d7"/>
      </symbol>
      <symbol id="sm-91c">
         <name>Graphics_setForegroundColor</name>
         <value>0x506d</value>
         <object_component_ref idref="oc-dd"/>
      </symbol>
      <symbol id="sm-91d">
         <name>Graphics_clearDisplay</name>
         <value>0x5101</value>
         <object_component_ref idref="oc-ef"/>
      </symbol>
      <symbol id="sm-942">
         <name>Graphics_clearDisplayOnDisplay</name>
         <value>0x4fa9</value>
         <object_component_ref idref="oc-26f"/>
      </symbol>
      <symbol id="sm-943">
         <name>Graphics_drawPixelOnDisplay</name>
         <value>0x4d31</value>
         <object_component_ref idref="oc-418"/>
      </symbol>
      <symbol id="sm-944">
         <name>Graphics_translateColorOnDisplay</name>
         <value>0x5083</value>
         <object_component_ref idref="oc-266"/>
      </symbol>
      <symbol id="sm-945">
         <name>Graphics_drawHorizontalLineOnDisplay</name>
         <value>0x4aa9</value>
         <object_component_ref idref="oc-519"/>
      </symbol>
      <symbol id="sm-957">
         <name>g_sFontFixed6x8</name>
         <value>0x55f0</value>
         <object_component_ref idref="oc-199"/>
      </symbol>
      <symbol id="sm-9af">
         <name>Graphics_drawStringCentered</name>
         <value>0x46d9</value>
         <object_component_ref idref="oc-145"/>
      </symbol>
      <symbol id="sm-9b0">
         <name>Graphics_drawString</name>
         <value>0x11b5</value>
         <object_component_ref idref="oc-2bb"/>
      </symbol>
      <symbol id="sm-9b1">
         <name>Graphics_getStringWidth</name>
         <value>0x3171</value>
         <object_component_ref idref="oc-2b5"/>
      </symbol>
      <symbol id="sm-9c4">
         <name>Graphics_drawLineH</name>
         <value>0x37c3</value>
         <object_component_ref idref="oc-412"/>
      </symbol>
      <symbol id="sm-abb">
         <name>ADC14_enableInterrupt</name>
         <value>0x4c49</value>
         <object_component_ref idref="oc-11f"/>
      </symbol>
      <symbol id="sm-abc">
         <name>ADC14_getInterruptStatus</name>
         <value>0x4cd9</value>
         <object_component_ref idref="oc-302"/>
      </symbol>
      <symbol id="sm-abd">
         <name>ADC14_enableSampleTimer</name>
         <value>0x4b15</value>
         <object_component_ref idref="oc-113"/>
      </symbol>
      <symbol id="sm-abe">
         <name>ADC14_enableConversion</name>
         <value>0x4db5</value>
         <object_component_ref idref="oc-119"/>
      </symbol>
      <symbol id="sm-abf">
         <name>ADC14_toggleConversionTrigger</name>
         <value>0x4d05</value>
         <object_component_ref idref="oc-125"/>
      </symbol>
      <symbol id="sm-ac0">
         <name>ADC14_getEnabledInterruptStatus</name>
         <value>0x4a01</value>
         <object_component_ref idref="oc-19c"/>
      </symbol>
      <symbol id="sm-ac1">
         <name>ADC14_initModule</name>
         <value>0x44ad</value>
         <object_component_ref idref="oc-101"/>
      </symbol>
      <symbol id="sm-ac2">
         <name>ADC14_configureMultiSequenceMode</name>
         <value>0x35ad</value>
         <object_component_ref idref="oc-107"/>
      </symbol>
      <symbol id="sm-ac3">
         <name>ADC14_clearInterruptFlag</name>
         <value>0x4c19</value>
         <object_component_ref idref="oc-1a2"/>
      </symbol>
      <symbol id="sm-ac4">
         <name>ADC14_configureConversionMemory</name>
         <value>0x34f9</value>
         <object_component_ref idref="oc-10d"/>
      </symbol>
      <symbol id="sm-ac5">
         <name>ADC14_enableModule</name>
         <value>0x51a1</value>
         <object_component_ref idref="oc-fb"/>
      </symbol>
      <symbol id="sm-ac6">
         <name>ADC14_getResult</name>
         <value>0x4ddd</value>
         <object_component_ref idref="oc-1a8"/>
      </symbol>
      <symbol id="sm-af5">
         <name>CS_setDCOCenteredFrequency</name>
         <value>0x4b49</value>
         <object_component_ref idref="oc-175"/>
      </symbol>
      <symbol id="sm-af6">
         <name>CS_initClockSignal</name>
         <value>0x29f5</value>
         <object_component_ref idref="oc-17b"/>
      </symbol>
      <symbol id="sm-b05">
         <name>FlashCtl_setWaitState</name>
         <value>0x4691</value>
         <object_component_ref idref="oc-16f"/>
      </symbol>
      <symbol id="sm-b4d">
         <name>GPIO_setOutputHighOnPin</name>
         <value>0x4e05</value>
         <object_component_ref idref="oc-157"/>
      </symbol>
      <symbol id="sm-b4e">
         <name>GPIO_setAsOutputPin</name>
         <value>0x48c1</value>
         <object_component_ref idref="oc-151"/>
      </symbol>
      <symbol id="sm-b4f">
         <name>GPIO_setOutputLowOnPin</name>
         <value>0x4e2d</value>
         <object_component_ref idref="oc-14b"/>
      </symbol>
      <symbol id="sm-b50">
         <name>GPIO_setAsPeripheralModuleFunctionOutputPin</name>
         <value>0x3aa5</value>
         <object_component_ref idref="oc-364"/>
      </symbol>
      <symbol id="sm-b51">
         <name>GPIO_setAsPeripheralModuleFunctionInputPin</name>
         <value>0x3a1d</value>
         <object_component_ref idref="oc-f5"/>
      </symbol>
      <symbol id="sm-b8b">
         <name>Interrupt_disableMaster</name>
         <value>0x5135</value>
         <object_component_ref idref="oc-163"/>
      </symbol>
      <symbol id="sm-b8c">
         <name>Interrupt_enableSleepOnIsrExit</name>
         <value>0x5155</value>
         <object_component_ref idref="oc-b9"/>
      </symbol>
      <symbol id="sm-b8d">
         <name>Interrupt_enableMaster</name>
         <value>0x5145</value>
         <object_component_ref idref="oc-cb"/>
      </symbol>
      <symbol id="sm-b8e">
         <name>Interrupt_enableInterrupt</name>
         <value>0x3c39</value>
         <object_component_ref idref="oc-bf"/>
      </symbol>
      <symbol id="sm-c19">
         <name>PCM_setCoreVoltageLevel</name>
         <value>0x5165</value>
         <object_component_ref idref="oc-169"/>
      </symbol>
      <symbol id="sm-c1a">
         <name>PCM_getCoreVoltageLevel</name>
         <value>0x428d</value>
         <object_component_ref idref="oc-428"/>
      </symbol>
      <symbol id="sm-c1b">
         <name>PCM_getPowerMode</name>
         <value>0x4349</value>
         <object_component_ref idref="oc-422"/>
      </symbol>
      <symbol id="sm-c1c">
         <name>PCM_getPowerState</name>
         <value>0x50c5</value>
         <object_component_ref idref="oc-42e"/>
      </symbol>
      <symbol id="sm-c1d">
         <name>PCM_gotoLPM0</name>
         <value>0x4e55</value>
         <object_component_ref idref="oc-181"/>
      </symbol>
      <symbol id="sm-c1e">
         <name>PCM_setPowerMode</name>
         <value>0x5175</value>
         <object_component_ref idref="oc-434"/>
      </symbol>
      <symbol id="sm-c5e">
         <name>EUSCI_B_SPI_enable</name>
         <value>0x5057</value>
         <object_component_ref idref="oc-474"/>
      </symbol>
      <symbol id="sm-c5f">
         <name>SPI_enableModule</name>
         <value>0x4f39</value>
         <object_component_ref idref="oc-370"/>
      </symbol>
      <symbol id="sm-c60">
         <name>EUSCI_A_SPI_enable</name>
         <value>0x5041</value>
         <object_component_ref idref="oc-46e"/>
      </symbol>
      <symbol id="sm-c61">
         <name>SPI_initMaster</name>
         <value>0x3713</value>
         <object_component_ref idref="oc-36a"/>
      </symbol>
      <symbol id="sm-ca3">
         <name>Timer_A_clearCaptureCompareInterrupt</name>
         <value>0x4d5d</value>
         <object_component_ref idref="oc-187"/>
      </symbol>
      <symbol id="sm-ca4">
         <name>Timer_A_startCounter</name>
         <value>0x5099</value>
         <object_component_ref idref="oc-c5"/>
      </symbol>
      <symbol id="sm-ca5">
         <name>Timer_A_configureUpMode</name>
         <value>0x3fc9</value>
         <object_component_ref idref="oc-b3"/>
      </symbol>
      <symbol id="sm-cb1">
         <name>WDT_A_holdTimer</name>
         <value>0x4ef5</value>
         <object_component_ref idref="oc-15d"/>
      </symbol>
      <symbol id="sm-ccb">
         <name>CPU_wfi</name>
         <value>0x51e1</value>
         <object_component_ref idref="oc-2d8"/>
      </symbol>
      <symbol id="sm-ccc">
         <name>CPU_cpsie</name>
         <value>0x51b9</value>
         <object_component_ref idref="oc-245"/>
      </symbol>
      <symbol id="sm-ccd">
         <name>CPU_cpsid</name>
         <value>0x51ad</value>
         <object_component_ref idref="oc-2c7"/>
      </symbol>
      <symbol id="sm-cce">
         <name>__TI_static_base__</name>
         <value>0x0</value>
      </symbol>
      <symbol id="sm-cd1">
         <name>__mpu_init</name>
         <value>0x0</value>
      </symbol>
      <symbol id="sm-cd2">
         <name>_system_post_cinit</name>
         <value>0x0</value>
      </symbol>
      <symbol id="sm-cd3">
         <name>NMI_Handler</name>
         <value>0x519f</value>
      </symbol>
      <symbol id="sm-cd4">
         <name>HardFault_Handler</name>
         <value>0x519f</value>
      </symbol>
      <symbol id="sm-cd5">
         <name>MemManage_Handler</name>
         <value>0x519f</value>
      </symbol>
      <symbol id="sm-cd6">
         <name>BusFault_Handler</name>
         <value>0x519f</value>
      </symbol>
      <symbol id="sm-cd7">
         <name>UsageFault_Handler</name>
         <value>0x519f</value>
      </symbol>
      <symbol id="sm-cd8">
         <name>SVC_Handler</name>
         <value>0x519f</value>
      </symbol>
      <symbol id="sm-cd9">
         <name>DebugMon_Handler</name>
         <value>0x519f</value>
      </symbol>
      <symbol id="sm-cda">
         <name>PendSV_Handler</name>
         <value>0x519f</value>
      </symbol>
      <symbol id="sm-cdb">
         <name>SysTick_Handler</name>
         <value>0x519f</value>
      </symbol>
      <symbol id="sm-cdc">
         <name>PSS_IRQHandler</name>
         <value>0x519f</value>
      </symbol>
      <symbol id="sm-cdd">
         <name>CS_IRQHandler</name>
         <value>0x519f</value>
      </symbol>
      <symbol id="sm-cde">
         <name>PCM_IRQHandler</name>
         <value>0x519f</value>
      </symbol>
      <symbol id="sm-cdf">
         <name>WDT_A_IRQHandler</name>
         <value>0x519f</value>
      </symbol>
      <symbol id="sm-ce0">
         <name>FPU_IRQHandler</name>
         <value>0x519f</value>
      </symbol>
      <symbol id="sm-ce1">
         <name>FLCTL_IRQHandler</name>
         <value>0x519f</value>
      </symbol>
      <symbol id="sm-ce2">
         <name>COMP_E0_IRQHandler</name>
         <value>0x519f</value>
      </symbol>
      <symbol id="sm-ce3">
         <name>COMP_E1_IRQHandler</name>
         <value>0x519f</value>
      </symbol>
      <symbol id="sm-ce4">
         <name>TA0_0_IRQHandler</name>
         <value>0x519f</value>
      </symbol>
      <symbol id="sm-ce5">
         <name>TA0_N_IRQHandler</name>
         <value>0x519f</value>
      </symbol>
      <symbol id="sm-ce6">
         <name>TA1_0_IRQHandler</name>
         <value>0x18d1</value>
      </symbol>
      <symbol id="sm-ce7">
         <name>TA1_N_IRQHandler</name>
         <value>0x519f</value>
      </symbol>
      <symbol id="sm-ce8">
         <name>TA2_0_IRQHandler</name>
         <value>0x519f</value>
      </symbol>
      <symbol id="sm-ce9">
         <name>TA2_N_IRQHandler</name>
         <value>0x519f</value>
      </symbol>
      <symbol id="sm-cea">
         <name>TA3_0_IRQHandler</name>
         <value>0x519f</value>
      </symbol>
      <symbol id="sm-ceb">
         <name>TA3_N_IRQHandler</name>
         <value>0x519f</value>
      </symbol>
      <symbol id="sm-cec">
         <name>EUSCIA0_IRQHandler</name>
         <value>0x519f</value>
      </symbol>
      <symbol id="sm-ced">
         <name>EUSCIA1_IRQHandler</name>
         <value>0x519f</value>
      </symbol>
      <symbol id="sm-cee">
         <name>EUSCIA2_IRQHandler</name>
         <value>0x519f</value>
      </symbol>
      <symbol id="sm-cef">
         <name>EUSCIA3_IRQHandler</name>
         <value>0x519f</value>
      </symbol>
      <symbol id="sm-cf0">
         <name>EUSCIB0_IRQHandler</name>
         <value>0x519f</value>
      </symbol>
      <symbol id="sm-cf1">
         <name>EUSCIB1_IRQHandler</name>
         <value>0x519f</value>
      </symbol>
      <symbol id="sm-cf2">
         <name>EUSCIB2_IRQHandler</name>
         <value>0x519f</value>
      </symbol>
      <symbol id="sm-cf3">
         <name>EUSCIB3_IRQHandler</name>
         <value>0x519f</value>
      </symbol>
      <symbol id="sm-cf4">
         <name>ADC14_IRQHandler</name>
         <value>0x18f5</value>
      </symbol>
      <symbol id="sm-cf5">
         <name>T32_INT1_IRQHandler</name>
         <value>0x519f</value>
      </symbol>
      <symbol id="sm-cf6">
         <name>T32_INT2_IRQHandler</name>
         <value>0x519f</value>
      </symbol>
      <symbol id="sm-cf7">
         <name>T32_INTC_IRQHandler</name>
         <value>0x519f</value>
      </symbol>
      <symbol id="sm-cf8">
         <name>AES256_IRQHandler</name>
         <value>0x519f</value>
      </symbol>
      <symbol id="sm-cf9">
         <name>RTC_C_IRQHandler</name>
         <value>0x519f</value>
      </symbol>
      <symbol id="sm-cfa">
         <name>DMA_ERR_IRQHandler</name>
         <value>0x519f</value>
      </symbol>
      <symbol id="sm-cfb">
         <name>DMA_INT3_IRQHandler</name>
         <value>0x519f</value>
      </symbol>
      <symbol id="sm-cfc">
         <name>DMA_INT2_IRQHandler</name>
         <value>0x519f</value>
      </symbol>
      <symbol id="sm-cfd">
         <name>DMA_INT1_IRQHandler</name>
         <value>0x519f</value>
      </symbol>
      <symbol id="sm-cfe">
         <name>DMA_INT0_IRQHandler</name>
         <value>0x519f</value>
      </symbol>
      <symbol id="sm-cff">
         <name>PORT1_IRQHandler</name>
         <value>0x519f</value>
      </symbol>
      <symbol id="sm-d00">
         <name>PORT2_IRQHandler</name>
         <value>0x519f</value>
      </symbol>
      <symbol id="sm-d01">
         <name>PORT3_IRQHandler</name>
         <value>0x519f</value>
      </symbol>
      <symbol id="sm-d02">
         <name>PORT4_IRQHandler</name>
         <value>0x519f</value>
      </symbol>
      <symbol id="sm-d03">
         <name>PORT5_IRQHandler</name>
         <value>0x519f</value>
      </symbol>
      <symbol id="sm-d04">
         <name>PORT6_IRQHandler</name>
         <value>0x519f</value>
      </symbol>
      <symbol id="sm-d05">
         <name>remove</name>
         <value>0x4d89</value>
      </symbol>
   </symbol_table>
   <title>Link successful</title>
</link_info>
