******************************************************************************
                  TI ARM Linker PC v20.2.7                     
******************************************************************************
>> Linked Fri Nov  4 16:46:57 2022

OUTPUT FILE NAME:   <ccsProject.out>
ENTRY POINT SYMBOL: "_c_int00_noargs"  address: 00004be5


MEMORY CONFIGURATION

         name            origin    length      used     unused   attr    fill
----------------------  --------  ---------  --------  --------  ----  --------
  MAIN                  00000000   00040000  0000586c  0003a794  R  X
  INFO                  00200000   00004000  00000000  00004000  R  X
  SRAM_CODE             01000000   00010000  000009f2  0000f60e  RW X
  SRAM_DATA             20000000   00010000  000009f2  0000f60e  RW  


SEGMENT ALLOCATION MAP

run origin  load origin   length   init length attrs members
----------  ----------- ---------- ----------- ----- -------
00000000    00000000    00005870   00005870    r-x
  00000000    00000000    000000e4   000000e4    r-- .intvecs
  000000e4    000000e4    00005110   00005110    r-x .text
  000051f4    000051f4    000005d8   000005d8    r-- .const
  000057d0    000057d0    000000a0   000000a0    r-- .cinit
20000000    20000000    000007f4   00000000    rw-
  20000000    20000000    00000400   00000000    rw- .sysmem
  20000400    20000400    000001fe   00000000    rw- .data
  20000600    20000600    000001f4   00000000    rw- .bss
2000fe00    2000fe00    00000200   00000000    rw-
  2000fe00    2000fe00    00000200   00000000    rw- .stack


SECTION ALLOCATION MAP

 output                                  attributes/
section   page    origin      length       input sections
--------  ----  ----------  ----------   ----------------
.intvecs   0    00000000    000000e4     
                  00000000    000000e4     startup_msp432p401r_ccs.obj (.intvecs:retain)

.text      0    000000e4    00005110     
                  000000e4    00000a4e     rtsv7M4_T_le_v4SPD16_eabi.lib : _printfi.c.obj (.text:__TI_printfi)
                  00000b32    00000002                                   : _lock.c.obj (.text:_nop)
                  00000b34    00000680     Crystalfontz128x128_ST7735.obj (.text)
                  000011b4    0000047e     grlib.a : string.obj (.text:Graphics_drawString)
                  00001632    00000002     rtsv7M4_T_le_v4SPD16_eabi.lib : div0.asm.obj (.text)
                  00001634    00000420     main.obj (.text)
                  00001a54    00000334     system_msp432p401r.obj (.text)
                  00001d88    00000270     rtsv7M4_T_le_v4SPD16_eabi.lib : _printfi.c.obj (.text:_pconv_a)
                  00001ff8    000001d0                                   : _printfi.c.obj (.text:_pconv_g)
                  000021c8    000001b6                                   : fd_add_t2.asm.obj (.text)
                  0000237e    00000002     --HOLE-- [fill = 0]
                  00002380    00000160     msp432p4xx_driverlib.lib : adc14.o (.text:_getIndexForMemRegister)
                  000024e0    0000015c                              : pcm.o (.text:__PCM_setPowerModeAdvanced)
                  0000263c    00000144                              : timer_a.o (.text:privateTimer_AProcessClockSourceDivider)
                  00002780    0000013c     rtsv7M4_T_le_v4SPD16_eabi.lib : _printfi.c.obj (.text:_pconv_e)
                  000028bc    00000136                                   : fd_div_t2.asm.obj (.text)
                  000029f2    00000002     --HOLE-- [fill = 0]
                  000029f4    00000130     msp432p4xx_driverlib.lib : cs.o (.text:CS_initClockSignal)
                  00002b24    00000124     rtsv7M4_T_le_v4SPD16_eabi.lib : _printfi.c.obj (.text:fcvt)
                  00002c48    00000114                                   : fputs.c.obj (.text:fputs)
                  00002d5c    00000110                                   : s_scalbn.c.obj (.text:scalbn)
                  00002e6c    00000108     msp432p4xx_driverlib.lib : pcm.o (.text:__PCM_setCoreVoltageLevelAdvanced)
                  00002f74    00000100     rtsv7M4_T_le_v4SPD16_eabi.lib : memory.c.obj (.text:aligned_alloc)
                  00003074    000000fc                                   : fd_mul_t2.asm.obj (.text)
                  00003170    000000fa     grlib.a : string.obj (.text:Graphics_getStringWidth)
                  0000326a    00000002     --HOLE-- [fill = 0]
                  0000326c    000000e4     rtsv7M4_T_le_v4SPD16_eabi.lib : memory.c.obj (.text:free)
                  00003350    000000dc                                   : setvbuf.c.obj (.text:setvbuf)
                  0000342c    000000cc     HAL_MSP_EXP432P401R_Crystalfontz128x128_ST7735.obj (.text)
                  000034f8    000000b4     msp432p4xx_driverlib.lib : adc14.o (.text:ADC14_configureConversionMemory)
                  000035ac    000000b4                              : adc14.o (.text:ADC14_configureMultiSequenceMode)
                  00003660    000000b1     rtsv7M4_T_le_v4SPD16_eabi.lib : _printfi.c.obj (.text:_ltostr)
                  00003711    00000001     --HOLE-- [fill = 0]
                  00003712    000000b0     msp432p4xx_driverlib.lib : spi.o (.text:SPI_initMaster)
                  000037c2    0000009c     grlib.a : line.obj (.text:Graphics_drawLineH)
                  0000385e    0000009c     rtsv7M4_T_le_v4SPD16_eabi.lib : memcpy_t2.asm.obj (.text)
                  000038fa    00000096                                   : ull_div_t2.asm.obj (.text)
                  00003990    0000008c                                   : fputc.c.obj (.text:fputc)
                  00003a1c    00000088     msp432p4xx_driverlib.lib : gpio.o (.text:GPIO_setAsPeripheralModuleFunctionInputPin)
                  00003aa4    00000088                              : gpio.o (.text:GPIO_setAsPeripheralModuleFunctionOutputPin)
                  00003b2c    00000086     rtsv7M4_T_le_v4SPD16_eabi.lib : fd_cmp_t2.asm.obj (.text:__aeabi_cdcmple)
                  00003bb2    00000086                                   : fd_cmp_t2.asm.obj (.text:__aeabi_cdrcmple)
                  00003c38    00000080     msp432p4xx_driverlib.lib : interrupt.o (.text:Interrupt_enableInterrupt)
                  00003cb8    0000007a     rtsv7M4_T_le_v4SPD16_eabi.lib : memset_t2.asm.obj (.text)
                  00003d32    00000002     --HOLE-- [fill = 0]
                  00003d34    00000074                                   : fclose.c.obj (.text:__TI_closefile)
                  00003da8    00000070                                   : memory.c.obj (.text:split)
                  00003e18    0000006e                                   : _printfi.c.obj (.text:_mcpy)
                  00003e86    0000006e                                   : fd_tos_t2.asm.obj (.text)
                  00003ef4    0000006c                                   : hostrename.c.obj (.text:HOSTrename)
                  00003f60    00000068                                   : hostlseek.c.obj (.text:HOSTlseek)
                  00003fc8    00000068     msp432p4xx_driverlib.lib : timer_a.o (.text:Timer_A_configureUpMode)
                  00004030    00000068     rtsv7M4_T_le_v4SPD16_eabi.lib : copy_decompress_lzss.c.obj (.text:decompress:lzss:__TI_decompress_lzss)
                  00004098    00000068                                   : printf.c.obj (.text:printf)
                  00004100    00000064                                   : s_frexp.c.obj (.text:frexp)
                  00004164    00000064                                   : fseek.c.obj (.text:fseek)
                  000041c8    00000062                                   : _io_perm.c.obj (.text:__TI_wrt_ok)
                  0000422a    00000002     --HOLE-- [fill = 0]
                  0000422c    00000060                                   : hostopen.c.obj (.text:HOSTopen)
                  0000428c    0000005e     msp432p4xx_driverlib.lib : pcm.o (.text:PCM_getCoreVoltageLevel)
                  000042ea    00000002     --HOLE-- [fill = 0]
                  000042ec    0000005c     rtsv7M4_T_le_v4SPD16_eabi.lib : close.c.obj (.text:close)
                  00004348    0000005a     msp432p4xx_driverlib.lib : pcm.o (.text:PCM_getPowerMode)
                  000043a2    00000002     --HOLE-- [fill = 0]
                  000043a4    00000058     rtsv7M4_T_le_v4SPD16_eabi.lib : hostread.c.obj (.text:HOSTread)
                  000043fc    00000058                                   : hostwrite.c.obj (.text:HOSTwrite)
                  00004454    00000056                                   : _printfi.c.obj (.text:_pconv_f)
                  000044aa    00000002     --HOLE-- [fill = 0]
                  000044ac    00000054     msp432p4xx_driverlib.lib : adc14.o (.text:ADC14_initModule)
                  00004500    00000054     rtsv7M4_T_le_v4SPD16_eabi.lib : _ltoa.c.obj (.text:__TI_ltoa)
                  00004554    00000052     grlib.a : context.obj (.text:Graphics_initContext)
                  000045a6    00000052     rtsv7M4_T_le_v4SPD16_eabi.lib : _printfi.c.obj (.text:_ecpy)
                  000045f8    0000004c                                   : fflush.c.obj (.text:__TI_doflush)
                  00004644    0000004c                                   : atoi.c.obj (.text:atoi)
                  00004690    00000048     msp432p4xx_driverlib.lib : flash.o (.text:FlashCtl_setWaitState)
                  000046d8    00000048     grlib.a : string.obj (.text:Graphics_drawStringCentered)
                  00004720    00000048     rtsv7M4_T_le_v4SPD16_eabi.lib : exit.c.obj (.text:exit)
                  00004768    00000048                                   : fd_toi_t2.asm.obj (.text)
                  000047b0    00000044                                   : hostclose.c.obj (.text:HOSTclose)
                  000047f4    00000044                                   : hostunlink.c.obj (.text:HOSTunlink)
                  00004838    00000044                                   : autoinit.c.obj (.text:__TI_auto_init_nobinit_nopinit:__TI_auto_init_nobinit_nopinit)
                  0000487c    00000044                                   : getdevice.c.obj (.text:getdevice)
                  000048c0    00000040     msp432p4xx_driverlib.lib : gpio.o (.text:GPIO_setAsOutputPin)
                  00004900    00000040     grlib.a : string.obj (.text:Graphics_getNumberOfLeadingZeros)
                  00004940    00000040     msp432p4xx_driverlib.lib : spi.o (.text:is_A_Module)
                  00004980    00000040     rtsv7M4_T_le_v4SPD16_eabi.lib : sprintf.c.obj (.text:sprintf)
                  000049c0    0000003e                                   : _printfi.c.obj (.text:_fcpy)
                  000049fe    00000002     --HOLE-- [fill = 0]
                  00004a00    00000038     msp432p4xx_driverlib.lib : adc14.o (.text:ADC14_getEnabledInterruptStatus)
                  00004a38    00000038     rtsv7M4_T_le_v4SPD16_eabi.lib : trgmsg.c.obj (.text:__TI_writemsg)
                  00004a70    00000038                                   : fs_tod_t2.asm.obj (.text)
                  00004aa8    00000036     grlib.a : display.obj (.text:Graphics_drawHorizontalLineOnDisplay)
                  00004ade    00000036     rtsv7M4_T_le_v4SPD16_eabi.lib : strncpy.c.obj (.text:strncpy)
                  00004b14    00000034     msp432p4xx_driverlib.lib : adc14.o (.text:ADC14_enableSampleTimer)
                  00004b48    00000034                              : cs.o (.text:CS_setDCOCenteredFrequency)
                  00004b7c    00000034     rtsv7M4_T_le_v4SPD16_eabi.lib : fopen.c.obj (.text:__TI_cleanup)
                  00004bb0    00000034                                   : trgmsg.c.obj (.text:__TI_readmsg)
                  00004be4    00000034                                   : boot_cortex_m.c.obj (.text:_c_int00_noargs:_c_int00_noargs)
                  00004c18    00000030     msp432p4xx_driverlib.lib : adc14.o (.text:ADC14_clearInterruptFlag)
                  00004c48    00000030                              : adc14.o (.text:ADC14_enableInterrupt)
                  00004c78    00000030     rtsv7M4_T_le_v4SPD16_eabi.lib : getdevice.c.obj (.text:finddevice)
                  00004ca8    0000002e                                   : i_tofd_t2.asm.obj (.text)
                  00004cd6    00000002     --HOLE-- [fill = 0]
                  00004cd8    0000002c     msp432p4xx_driverlib.lib : adc14.o (.text:ADC14_getInterruptStatus)
                  00004d04    0000002c                              : adc14.o (.text:ADC14_toggleConversionTrigger)
                  00004d30    0000002c     grlib.a : display.obj (.text:Graphics_drawPixelOnDisplay)
                  00004d5c    0000002c     msp432p4xx_driverlib.lib : timer_a.o (.text:Timer_A_clearCaptureCompareInterrupt)
                  00004d88    0000002c     rtsv7M4_T_le_v4SPD16_eabi.lib : unlink.c.obj (.text:unlink)
                  00004db4    00000028     msp432p4xx_driverlib.lib : adc14.o (.text:ADC14_enableConversion)
                  00004ddc    00000028                              : adc14.o (.text:ADC14_getResult)
                  00004e04    00000028                              : gpio.o (.text:GPIO_setOutputHighOnPin)
                  00004e2c    00000028                              : gpio.o (.text:GPIO_setOutputLowOnPin)
                  00004e54    00000028                              : pcm.o (.text:PCM_gotoLPM0)
                  00004e7c    00000028     rtsv7M4_T_le_v4SPD16_eabi.lib : memory.c.obj (.text:free_list_insert)
                  00004ea4    00000028                                   : lseek.c.obj (.text:lseek)
                  00004ecc    00000028                                   : write.c.obj (.text:write)
                  00004ef4    00000024     msp432p4xx_driverlib.lib : wdt_a.o (.text:WDT_A_holdTimer)
                  00004f18    00000020     rtsv7M4_T_le_v4SPD16_eabi.lib : memchr.c.obj (.text:memchr)
                  00004f38    0000001c     msp432p4xx_driverlib.lib : spi.o (.text:SPI_enableModule)
                  00004f54    0000001c     rtsv7M4_T_le_v4SPD16_eabi.lib : copy_zero_init.c.obj (.text:decompress:ZI:__TI_zero_init_nomemset:__TI_zero_init_nomemset)
                  00004f70    0000001c                                   : memory.c.obj (.text:free_list_remove)
                  00004f8c    0000001c                                   : memccpy.c.obj (.text:memccpy)
                  00004fa8    0000001a     grlib.a : display.obj (.text:Graphics_clearDisplayOnDisplay)
                  00004fc2    0000001a             : context.obj (.text:Graphics_setBackgroundColor)
                  00004fdc    0000001a             : context.obj (.text:Graphics_setFont)
                  00004ff6    0000001a     rtsv7M4_T_le_v4SPD16_eabi.lib : s_copysign.c.obj (.text:copysign)
                  00005010    00000018                                   : sprintf.c.obj (.text:_outs)
                  00005028    00000018                                   : strcmp.c.obj (.text:strcmp)
                  00005040    00000016     msp432p4xx_driverlib.lib : spi.o (.text:EUSCI_A_SPI_enable)
                  00005056    00000016                              : spi.o (.text:EUSCI_B_SPI_enable)
                  0000506c    00000016     grlib.a : context.obj (.text:Graphics_setForegroundColor)
                  00005082    00000016             : display.obj (.text:Graphics_translateColorOnDisplay)
                  00005098    00000016     msp432p4xx_driverlib.lib : timer_a.o (.text:Timer_A_startCounter)
                  000050ae    00000016     rtsv7M4_T_le_v4SPD16_eabi.lib : strchr.c.obj (.text:strchr)
                  000050c4    00000014     msp432p4xx_driverlib.lib : pcm.o (.text:PCM_getPowerState)
                  000050d8    00000014     rtsv7M4_T_le_v4SPD16_eabi.lib : strcpy.c.obj (.text:strcpy)
                  000050ec    00000014                                   : strlen.c.obj (.text:strlen)
                  00005100    00000012     grlib.a : context.obj (.text:Graphics_clearDisplay)
                  00005112    00000012     rtsv7M4_T_le_v4SPD16_eabi.lib : wcslen.c.obj (.text:wcslen)
                  00005124    00000010     msp432p4xx_driverlib.lib : adc14.o (.text:ADCIsConversionRunning)
                  00005134    00000010                              : interrupt.o (.text:Interrupt_disableMaster)
                  00005144    00000010                              : interrupt.o (.text:Interrupt_enableMaster)
                  00005154    00000010                              : interrupt.o (.text:Interrupt_enableSleepOnIsrExit)
                  00005164    00000010                              : pcm.o (.text:PCM_setCoreVoltageLevel)
                  00005174    00000010                              : pcm.o (.text:PCM_setPowerMode)
                  00005184    0000000e     rtsv7M4_T_le_v4SPD16_eabi.lib : copy_decompress_none.c.obj (.text:decompress:none:__TI_decompress_none)
                  00005192    0000000e     startup_msp432p401r_ccs.obj (.text)
                  000051a0    0000000c     msp432p4xx_driverlib.lib : adc14.o (.text:ADC14_enableModule)
                  000051ac    0000000c                              : cpu.o (.text:CPU_cpsid)
                  000051b8    0000000c                              : cpu.o (.text:CPU_cpsie)
                  000051c4    0000000a     rtsv7M4_T_le_v4SPD16_eabi.lib : sprintf.c.obj (.text:_outc)
                  000051ce    00000002     --HOLE-- [fill = 0]
                  000051d0    00000008                                   : errno.c.obj (.text:__aeabi_errno_addr)
                  000051d8    00000008                                   : memory.c.obj (.text:malloc)
                  000051e0    00000004     msp432p4xx_driverlib.lib : cpu.o (.text:CPU_wfi)
                  000051e4    00000004     rtsv7M4_T_le_v4SPD16_eabi.lib : printf.c.obj (.text:_outc)
                  000051e8    00000004                                   : printf.c.obj (.text:_outs)
                  000051ec    00000004                                   : pre_init.c.obj (.text:_system_pre_init)
                  000051f0    00000004                                   : exit.c.obj (.text:abort:abort)

.const     0    000051f4    000005d8     
                  000051f4    000002f8     grlib.a : fontfixed6x8.obj (.const:.string:g_pucFontFixed6x8Data)
                  000054ec    00000101     rtsv7M4_T_le_v4SPD16_eabi.lib : ctype.c.obj (.const:.string:_ctypes_)
                  000055ed    00000003     --HOLE-- [fill = 0]
                  000055f0    000000c8     grlib.a : fontfixed6x8.obj (.const:g_sFontFixed6x8)
                  000056b8    00000080     msp432p4xx_driverlib.lib : adc14.o (.const:_ctlRegs)
                  00005738    00000030                              : gpio.o (.const:GPIO_PORT_TO_BASE)
                  00005768    00000020     Crystalfontz128x128_ST7735.obj (.const:g_sCrystalfontz128x128_funcs)
                  00005788    0000001c     HAL_MSP_EXP432P401R_Crystalfontz128x128_ST7735.obj (.const:$P$T0$1)
                  000057a4    00000018     main.obj (.const:upConfig)
                  000057bc    00000008     Crystalfontz128x128_ST7735.obj (.const:$P$T0$1)
                  000057c4    00000008     msp432p4xx_driverlib.lib : interrupt.o (.const:g_pulEnRegs)

.cinit     0    000057d0    000000a0     
                  000057d0    00000075     (.cinit..data.load) [load image, compression = lzss]
                  00005845    00000003     --HOLE-- [fill = 0]
                  00005848    0000000c     (__TI_handler_table)
                  00005854    00000004     --HOLE-- [fill = 0]
                  00005858    00000008     (.cinit..bss.load) [load image, compression = zero_init]
                  00005860    00000010     (__TI_cinit_table)

.init_array 
*          0    00000000    00000000     UNINITIALIZED

.binit     0    00000000    00000000     

.sysmem    0    20000000    00000400     UNINITIALIZED
                  20000000    00000010     rtsv7M4_T_le_v4SPD16_eabi.lib : memory.c.obj (.sysmem)
                  20000010    000003f0     --HOLE--

.data      0    20000400    000001fe     UNINITIALIZED
                  20000400    000000f0     rtsv7M4_T_le_v4SPD16_eabi.lib : defs.c.obj (.data:_ftable)
                  200004f0    00000078                                   : host_device.c.obj (.data:_device)
                  20000568    00000050                                   : host_device.c.obj (.data:_stream)
                  200005b8    00000010     Crystalfontz128x128_ST7735.obj (.data:g_sCrystalfontz128x128)
                  200005c8    00000010     rtsv7M4_T_le_v4SPD16_eabi.lib : defs.c.obj (.data)
                  200005d8    0000000c                                   : exit.c.obj (.data:$O1$$)
                  200005e4    00000008                                   : _lock.c.obj (.data:$O1$$)
                  200005ec    00000008                                   : memory.c.obj (.data:$O1$$)
                  200005f4    00000004                                   : errno.c.obj (.data)
                  200005f8    00000004     system_msp432p401r.obj (.data)
                  200005fc    00000002     main.obj (.data)

.bss       0    20000600    000001f4     UNINITIALIZED
                  20000600    00000120     rtsv7M4_T_le_v4SPD16_eabi.lib : trgmsg.c.obj (.bss:_CIOBUF_)
                  20000720    000000a0     (.common:__TI_tmpnams)
                  200007c0    0000001c     (.common:g_sContext)
                  200007dc    00000008     (.common:parmbuf)
                  200007e4    00000004     main.obj (.bss:resultsBuffer)
                  200007e8    00000002     main.obj (.bss)
                  200007ea    00000002     (.common:Lcd_ScreenHeigth)
                  200007ec    00000002     (.common:Lcd_ScreenWidth)
                  200007ee    00000002     (.common:Lcd_TouchTrim)
                  200007f0    00000001     (.common:Lcd_FlagRead)
                  200007f1    00000001     (.common:Lcd_FontSolid)
                  200007f2    00000001     (.common:Lcd_Orientation)
                  200007f3    00000001     (.common:Lcd_PenSolid)

.stack     0    2000fe00    00000200     UNINITIALIZED
                  2000fe00    00000004     rtsv7M4_T_le_v4SPD16_eabi.lib : boot_cortex_m.c.obj (.stack)
                  2000fe04    000001fc     --HOLE--

__llvm_prf_cnts 
*          0    20000000    00000000     UNINITIALIZED

MODULE SUMMARY

       Module                                               code    ro data   rw data
       ------                                               ----    -------   -------
    .\
       main.obj                                             1056    24        72     
       system_msp432p401r.obj                               820     0         8      
       startup_msp432p401r_ccs.obj                          14      228       0      
    +--+----------------------------------------------------+-------+---------+---------+
       Total:                                               1890    252       80     
                                                                                     
    .\LcdDriver\
       Crystalfontz128x128_ST7735.obj                       1664    40        52     
       HAL_MSP_EXP432P401R_Crystalfontz128x128_ST7735.obj   204     28        0      
    +--+----------------------------------------------------+-------+---------+---------+
       Total:                                               1868    68        52     
                                                                                     
    C:/Users/Matteo/Downloads/simplelink_msp432p4_sdk_3_40_01_02/source/ti/devices/msp432p4xx/driverlib/ccs/msp432p4xx_driverlib.lib
       adc14.o                                              1196    128       0      
       pcm.o                                                888     0         0      
       timer_a.o                                            494     0         0      
       gpio.o                                               416     48        0      
       cs.o                                                 356     0         0      
       spi.o                                                312     0         0      
       interrupt.o                                          176     8         0      
       flash.o                                              72      0         0      
       wdt_a.o                                              36      0         0      
       cpu.o                                                28      0         0      
    +--+----------------------------------------------------+-------+---------+---------+
       Total:                                               3974    184       0      
                                                                                     
    C:/Users/Matteo/Downloads/simplelink_msp432p4_sdk_3_40_01_02/source/ti/grlib/lib/ccs/m4f/grlib.a
       string.obj                                           1536    0         0      
       fontfixed6x8.obj                                     0       960       0      
       context.obj                                          174     0         0      
       line.obj                                             156     0         0      
       display.obj                                          146     0         0      
    +--+----------------------------------------------------+-------+---------+---------+
       Total:                                               2012    960       0      
                                                                                     
    C:\ti\ccs1200\ccs\tools\compiler\ti-cgt-arm_20.2.7.LTS\lib\rtsv7M4_T_le_v4SPD16_eabi.lib
       _printfi.c.obj                                       4851    0         0      
       defs.c.obj                                           0       0         832    
       memory.c.obj                                         672     0         16     
       trgmsg.c.obj                                         108     0         576    
       fd_add_t2.asm.obj                                    438     0         0      
       host_device.c.obj                                    0       0         400    
       fd_div_t2.asm.obj                                    310     0         0      
       fputs.c.obj                                          276     0         0      
       s_scalbn.c.obj                                       272     0         0      
       fd_cmp_t2.asm.obj                                    268     0         0      
       ctype.c.obj                                          0       257       0      
       fd_mul_t2.asm.obj                                    252     0         0      
       setvbuf.c.obj                                        220     0         0      
       memcpy_t2.asm.obj                                    156     0         0      
       ull_div_t2.asm.obj                                   150     0         0      
       fputc.c.obj                                          140     0         0      
       memset_t2.asm.obj                                    122     0         0      
       fclose.c.obj                                         116     0         0      
       getdevice.c.obj                                      116     0         0      
       hostopen.c.obj                                       96      0         16     
       printf.c.obj                                         112     0         0      
       fd_tos_t2.asm.obj                                    110     0         0      
       hostrename.c.obj                                     108     0         0      
       copy_decompress_lzss.c.obj                           104     0         0      
       hostlseek.c.obj                                      104     0         0      
       exit.c.obj                                           76      0         24     
       fseek.c.obj                                          100     0         0      
       s_frexp.c.obj                                        100     0         0      
       _io_perm.c.obj                                       98      0         0      
       sprintf.c.obj                                        98      0         0      
       close.c.obj                                          92      0         0      
       hostread.c.obj                                       88      0         0      
       hostwrite.c.obj                                      88      0         0      
       _ltoa.c.obj                                          84      0         0      
       atoi.c.obj                                           76      0         0      
       fflush.c.obj                                         76      0         0      
       fd_toi_t2.asm.obj                                    72      0         0      
       autoinit.c.obj                                       68      0         0      
       hostclose.c.obj                                      68      0         0      
       hostunlink.c.obj                                     68      0         0      
       fs_tod_t2.asm.obj                                    56      0         0      
       strncpy.c.obj                                        54      0         0      
       boot_cortex_m.c.obj                                  52      0         0      
       fopen.c.obj                                          52      0         0      
       i_tofd_t2.asm.obj                                    46      0         0      
       unlink.c.obj                                         44      0         0      
       lseek.c.obj                                          40      0         0      
       write.c.obj                                          40      0         0      
       memchr.c.obj                                         32      0         0      
       copy_zero_init.c.obj                                 28      0         0      
       memccpy.c.obj                                        28      0         0      
       s_copysign.c.obj                                     26      0         0      
       strcmp.c.obj                                         24      0         0      
       strchr.c.obj                                         22      0         0      
       strcpy.c.obj                                         20      0         0      
       strlen.c.obj                                         20      0         0      
       _lock.c.obj                                          2       0         16     
       wcslen.c.obj                                         18      0         0      
       errno.c.obj                                          8       0         8      
       copy_decompress_none.c.obj                           14      0         0      
       pre_init.c.obj                                       4       0         0      
       div0.asm.obj                                         2       0         0      
    +--+----------------------------------------------------+-------+---------+---------+
       Total:                                               10985   257       1888   
                                                                                     
       Heap:                                                0       0         2048   
       Stack:                                               0       0         1024   
       Linker Generated:                                    0       153       0      
    +--+----------------------------------------------------+-------+---------+---------+
       Grand Total:                                         20729   1874      5092   


LINKER GENERATED COPY TABLES

__TI_cinit_table @ 00005860 records: 2, size/record: 8, table size: 16
	.data: load addr=000057d0, load size=00000075 bytes, run addr=20000400, run size=000001fe bytes, compression=lzss
	.bss: load addr=00005858, load size=00000008 bytes, run addr=20000600, run size=000001f4 bytes, compression=zero_init


LINKER GENERATED HANDLER TABLE

__TI_handler_table @ 00005848 records: 3, size/record: 4, table size: 12
	index: 0, handler: __TI_decompress_lzss
	index: 1, handler: __TI_decompress_none
	index: 2, handler: __TI_zero_init


GLOBAL SYMBOLS: SORTED ALPHABETICALLY BY Name 

address   name                                       
-------   ----                                       
000018f5  ADC14_IRQHandler                           
000018f5  ADC14_IRQHandler                           
00004c19  ADC14_clearInterruptFlag                   
000034f9  ADC14_configureConversionMemory            
000035ad  ADC14_configureMultiSequenceMode           
00004db5  ADC14_enableConversion                     
00004c49  ADC14_enableInterrupt                      
000051a1  ADC14_enableModule                         
00004b15  ADC14_enableSampleTimer                    
00004a01  ADC14_getEnabledInterruptStatus            
00004cd9  ADC14_getInterruptStatus                   
00004ddd  ADC14_getResult                            
000044ad  ADC14_initModule                           
00004d05  ADC14_toggleConversionTrigger              
0000519f  AES256_IRQHandler                          
0000519f  BusFault_Handler                           
000051f1  C$$EXIT                                    
00004a67  C$$IO$$                                    
0000519f  COMP_E0_IRQHandler                         
0000519f  COMP_E1_IRQHandler                         
000051ad  CPU_cpsid                                  
000051b9  CPU_cpsie                                  
000051e1  CPU_wfi                                    
0000519f  CS_IRQHandler                              
000029f5  CS_initClockSignal                         
00004b49  CS_setDCOCenteredFrequency                 
00000b35  Crystalfontz128x128_Init                   
00000c49  Crystalfontz128x128_SetDrawFrame           
00000d77  Crystalfontz128x128_SetOrientation         
0000519f  DMA_ERR_IRQHandler                         
0000519f  DMA_INT0_IRQHandler                        
0000519f  DMA_INT1_IRQHandler                        
0000519f  DMA_INT2_IRQHandler                        
0000519f  DMA_INT3_IRQHandler                        
0000519f  DebugMon_Handler                           
0000519f  Default_Handler                            
0000519f  EUSCIA0_IRQHandler                         
0000519f  EUSCIA1_IRQHandler                         
0000519f  EUSCIA2_IRQHandler                         
0000519f  EUSCIA3_IRQHandler                         
0000519f  EUSCIB0_IRQHandler                         
0000519f  EUSCIB1_IRQHandler                         
0000519f  EUSCIB2_IRQHandler                         
0000519f  EUSCIB3_IRQHandler                         
00005041  EUSCI_A_SPI_enable                         
00005057  EUSCI_B_SPI_enable                         
0000519f  FLCTL_IRQHandler                           
0000519f  FPU_IRQHandler                             
00004691  FlashCtl_setWaitState                      
000048c1  GPIO_setAsOutputPin                        
00003a1d  GPIO_setAsPeripheralModuleFunctionInputPin 
00003aa5  GPIO_setAsPeripheralModuleFunctionOutputPin
00004e05  GPIO_setOutputHighOnPin                    
00004e2d  GPIO_setOutputLowOnPin                     
00005101  Graphics_clearDisplay                      
00004fa9  Graphics_clearDisplayOnDisplay             
00004aa9  Graphics_drawHorizontalLineOnDisplay       
000037c3  Graphics_drawLineH                         
00004d31  Graphics_drawPixelOnDisplay                
000011b5  Graphics_drawString                        
000046d9  Graphics_drawStringCentered                
00003171  Graphics_getStringWidth                    
00004555  Graphics_initContext                       
00004fc3  Graphics_setBackgroundColor                
00004fdd  Graphics_setFont                           
0000506d  Graphics_setForegroundColor                
00005083  Graphics_translateColorOnDisplay           
0000342d  HAL_LCD_PortInit                           
0000345d  HAL_LCD_SpiInit                            
00003493  HAL_LCD_writeCommand                       
000034c3  HAL_LCD_writeData                          
000047b1  HOSTclose                                  
00003f61  HOSTlseek                                  
0000422d  HOSTopen                                   
000043a5  HOSTread                                   
00003ef5  HOSTrename                                 
000047f5  HOSTunlink                                 
000043fd  HOSTwrite                                  
0000519f  HardFault_Handler                          
00005135  Interrupt_disableMaster                    
00003c39  Interrupt_enableInterrupt                  
00005145  Interrupt_enableMaster                     
00005155  Interrupt_enableSleepOnIsrExit             
200007f0  Lcd_FlagRead                               
200007f1  Lcd_FontSolid                              
200007f2  Lcd_Orientation                            
200007f3  Lcd_PenSolid                               
200007ea  Lcd_ScreenHeigth                           
200007ec  Lcd_ScreenWidth                            
200007ee  Lcd_TouchTrim                              
0000519f  MemManage_Handler                          
0000519f  NMI_Handler                                
0000519f  PCM_IRQHandler                             
0000428d  PCM_getCoreVoltageLevel                    
00004349  PCM_getPowerMode                           
000050c5  PCM_getPowerState                          
00004e55  PCM_gotoLPM0                               
00005165  PCM_setCoreVoltageLevel                    
00005175  PCM_setPowerMode                           
0000519f  PORT1_IRQHandler                           
0000519f  PORT2_IRQHandler                           
0000519f  PORT3_IRQHandler                           
0000519f  PORT4_IRQHandler                           
0000519f  PORT5_IRQHandler                           
0000519f  PORT6_IRQHandler                           
0000519f  PSS_IRQHandler                             
0000519f  PendSV_Handler                             
0000519f  RTC_C_IRQHandler                           
00005193  Reset_Handler                              
00004f39  SPI_enableModule                           
00003713  SPI_initMaster                             
0000519f  SVC_Handler                                
0000519f  SysTick_Handler                            
200005f8  SystemCoreClock                            
00001a55  SystemCoreClockUpdate                      
00001ccd  SystemInit                                 
0000519f  T32_INT1_IRQHandler                        
0000519f  T32_INT2_IRQHandler                        
0000519f  T32_INTC_IRQHandler                        
0000519f  TA0_0_IRQHandler                           
0000519f  TA0_N_IRQHandler                           
000018d1  TA1_0_IRQHandler                           
000018d1  TA1_0_IRQHandler                           
0000519f  TA1_N_IRQHandler                           
0000519f  TA2_0_IRQHandler                           
0000519f  TA2_N_IRQHandler                           
0000519f  TA3_0_IRQHandler                           
0000519f  TA3_N_IRQHandler                           
00004d5d  Timer_A_clearCaptureCompareInterrupt       
00003fc9  Timer_A_configureUpMode                    
00005099  Timer_A_startCounter                       
0000519f  UsageFault_Handler                         
4000480c  WDTCTL_SYM                                 
0000519f  WDT_A_IRQHandler                           
00004ef5  WDT_A_holdTimer                            
20000600  __CIOBUF_                                  
20010000  __STACK_END                                
00000200  __STACK_SIZE                               
00000400  __SYSMEM_SIZE                              
00005860  __TI_CINIT_Base                            
00005870  __TI_CINIT_Limit                           
00005848  __TI_Handler_Table_Base                    
00005854  __TI_Handler_Table_Limit                   
00004839  __TI_auto_init_nobinit_nopinit             
00004b7d  __TI_cleanup                               
200005d8  __TI_cleanup_ptr                           
00003d35  __TI_closefile                             
00004031  __TI_decompress_lzss                       
00005185  __TI_decompress_none                       
000045f9  __TI_doflush                               
200005dc  __TI_dtors_ptr                             
200005e0  __TI_enable_exit_profile_output            
200005c8  __TI_ft_end                                
00004501  __TI_ltoa                                  
ffffffff  __TI_pprof_out_hndl                        
000000e5  __TI_printfi                               
ffffffff  __TI_prof_data_size                        
ffffffff  __TI_prof_data_start                       
00004bb1  __TI_readmsg                               
00000000  __TI_static_base__                         
20000720  __TI_tmpnams                               
00004a39  __TI_writemsg                              
000041c9  __TI_wrt_ok                                
00004f55  __TI_zero_init_nomemset                    
00003b2d  __aeabi_cdcmpeq                            
00003b2d  __aeabi_cdcmple                            
00003bb3  __aeabi_cdrcmple                           
00003e87  __aeabi_d2f                                
00004769  __aeabi_d2iz                               
000021d3  __aeabi_dadd                               
000028bd  __aeabi_ddiv                               
00003075  __aeabi_dmul                               
000021c9  __aeabi_dsub                               
000051d1  __aeabi_errno_addr                         
00004a71  __aeabi_f2d                                
00004ca9  __aeabi_i2d                                
00001633  __aeabi_idiv0                              
00001633  __aeabi_ldiv0                              
00003cb9  __aeabi_memclr                             
00003cb9  __aeabi_memclr4                            
00003cb9  __aeabi_memclr8                            
0000385f  __aeabi_memcpy                             
0000385f  __aeabi_memcpy4                            
0000385f  __aeabi_memcpy8                            
00003cbb  __aeabi_memset                             
00003cbb  __aeabi_memset4                            
00003cbb  __aeabi_memset8                            
200005d4  __aeabi_stderr                             
200005cc  __aeabi_stdin                              
200005d0  __aeabi_stdout                             
000038fb  __aeabi_uldivmod                           
ffffffff  __binit__                                  
ffffffff  __c_args__                                 
UNDEFED   __mpu_init                                 
2000fe00  __stack                                    
20000000  __start___llvm_prf_cnts                    
20000000  __stop___llvm_prf_cnts                     
00004be5  _c_int00_noargs                            
000054ec  _ctypes_                                   
200004f0  _device                                    
20000400  _ftable                                    
00001657  _graphicsInit                              
0000185b  _hwInit                                    
00001817  _ledInit                                   
200005e4  _lock                                      
00000b33  _nop                                       
20000568  _stream                                    
20000000  _sys_memory                                
UNDEFED   _system_post_cinit                         
000051ed  _system_pre_init                           
200005e8  _unlock                                    
000051f1  abort                                      
0000168f  adcInit                                    
00002f75  aligned_alloc                              
00004645  atoi                                       
ffffffff  binit                                      
00001843  blueOn                                     
000017fb  clearLeds                                  
000042ed  close                                      
00001635  configureTimerOneSec                       
00004ff7  copysign                                   
00004ff7  copysignl                                  
200005fc  currentOpt                                 
200005f4  errno                                      
00004721  exit                                       
00004c79  finddevice                                 
00003991  fputc                                      
00002c49  fputs                                      
0000326d  free                                       
00004101  frexp                                      
00004101  frexpl                                     
00004165  fseek                                      
200007c0  g_sContext                                 
200005b8  g_sCrystalfontz128x128                     
00005768  g_sCrystalfontz128x128_funcs               
000055f0  g_sFontFixed6x8                            
000017a5  generateMenu                               
0000487d  getdevice                                  
0000184f  greenOn                                    
00000000  interruptVectors                           
00002d5d  ldexp                                      
00002d5d  ldexpl                                     
00004ea5  lseek                                      
000018b9  main                                       
000051d9  malloc                                     
0000170f  map                                        
00002f75  memalign                                   
00004f8d  memccpy                                    
00004f19  memchr                                     
0000385f  memcpy                                     
00003cc1  memset                                     
200007dc  parmbuf                                    
00004099  printf                                     
00003991  putc                                       
00001837  redOn                                      
000017f9  refreshMenu                                
00004d89  remove                                     
00002d5d  scalbn                                     
00002d5d  scalbnl                                    
00003351  setvbuf                                    
00004981  sprintf                                    
000050af  strchr                                     
00005029  strcmp                                     
000050d9  strcpy                                     
000050ed  strlen                                     
00004adf  strncpy                                    
00004d89  unlink                                     
000057a4  upConfig                                   
00005113  wcslen                                     
00004ecd  write                                      


GLOBAL SYMBOLS: SORTED BY Symbol Address 

address   name                                       
-------   ----                                       
00000000  __TI_static_base__                         
00000000  interruptVectors                           
000000e5  __TI_printfi                               
00000200  __STACK_SIZE                               
00000400  __SYSMEM_SIZE                              
00000b33  _nop                                       
00000b35  Crystalfontz128x128_Init                   
00000c49  Crystalfontz128x128_SetDrawFrame           
00000d77  Crystalfontz128x128_SetOrientation         
000011b5  Graphics_drawString                        
00001633  __aeabi_idiv0                              
00001633  __aeabi_ldiv0                              
00001635  configureTimerOneSec                       
00001657  _graphicsInit                              
0000168f  adcInit                                    
0000170f  map                                        
000017a5  generateMenu                               
000017f9  refreshMenu                                
000017fb  clearLeds                                  
00001817  _ledInit                                   
00001837  redOn                                      
00001843  blueOn                                     
0000184f  greenOn                                    
0000185b  _hwInit                                    
000018b9  main                                       
000018d1  TA1_0_IRQHandler                           
000018d1  TA1_0_IRQHandler                           
000018f5  ADC14_IRQHandler                           
000018f5  ADC14_IRQHandler                           
00001a55  SystemCoreClockUpdate                      
00001ccd  SystemInit                                 
000021c9  __aeabi_dsub                               
000021d3  __aeabi_dadd                               
000028bd  __aeabi_ddiv                               
000029f5  CS_initClockSignal                         
00002c49  fputs                                      
00002d5d  ldexp                                      
00002d5d  ldexpl                                     
00002d5d  scalbn                                     
00002d5d  scalbnl                                    
00002f75  aligned_alloc                              
00002f75  memalign                                   
00003075  __aeabi_dmul                               
00003171  Graphics_getStringWidth                    
0000326d  free                                       
00003351  setvbuf                                    
0000342d  HAL_LCD_PortInit                           
0000345d  HAL_LCD_SpiInit                            
00003493  HAL_LCD_writeCommand                       
000034c3  HAL_LCD_writeData                          
000034f9  ADC14_configureConversionMemory            
000035ad  ADC14_configureMultiSequenceMode           
00003713  SPI_initMaster                             
000037c3  Graphics_drawLineH                         
0000385f  __aeabi_memcpy                             
0000385f  __aeabi_memcpy4                            
0000385f  __aeabi_memcpy8                            
0000385f  memcpy                                     
000038fb  __aeabi_uldivmod                           
00003991  fputc                                      
00003991  putc                                       
00003a1d  GPIO_setAsPeripheralModuleFunctionInputPin 
00003aa5  GPIO_setAsPeripheralModuleFunctionOutputPin
00003b2d  __aeabi_cdcmpeq                            
00003b2d  __aeabi_cdcmple                            
00003bb3  __aeabi_cdrcmple                           
00003c39  Interrupt_enableInterrupt                  
00003cb9  __aeabi_memclr                             
00003cb9  __aeabi_memclr4                            
00003cb9  __aeabi_memclr8                            
00003cbb  __aeabi_memset                             
00003cbb  __aeabi_memset4                            
00003cbb  __aeabi_memset8                            
00003cc1  memset                                     
00003d35  __TI_closefile                             
00003e87  __aeabi_d2f                                
00003ef5  HOSTrename                                 
00003f61  HOSTlseek                                  
00003fc9  Timer_A_configureUpMode                    
00004031  __TI_decompress_lzss                       
00004099  printf                                     
00004101  frexp                                      
00004101  frexpl                                     
00004165  fseek                                      
000041c9  __TI_wrt_ok                                
0000422d  HOSTopen                                   
0000428d  PCM_getCoreVoltageLevel                    
000042ed  close                                      
00004349  PCM_getPowerMode                           
000043a5  HOSTread                                   
000043fd  HOSTwrite                                  
000044ad  ADC14_initModule                           
00004501  __TI_ltoa                                  
00004555  Graphics_initContext                       
000045f9  __TI_doflush                               
00004645  atoi                                       
00004691  FlashCtl_setWaitState                      
000046d9  Graphics_drawStringCentered                
00004721  exit                                       
00004769  __aeabi_d2iz                               
000047b1  HOSTclose                                  
000047f5  HOSTunlink                                 
00004839  __TI_auto_init_nobinit_nopinit             
0000487d  getdevice                                  
000048c1  GPIO_setAsOutputPin                        
00004981  sprintf                                    
00004a01  ADC14_getEnabledInterruptStatus            
00004a39  __TI_writemsg                              
00004a67  C$$IO$$                                    
00004a71  __aeabi_f2d                                
00004aa9  Graphics_drawHorizontalLineOnDisplay       
00004adf  strncpy                                    
00004b15  ADC14_enableSampleTimer                    
00004b49  CS_setDCOCenteredFrequency                 
00004b7d  __TI_cleanup                               
00004bb1  __TI_readmsg                               
00004be5  _c_int00_noargs                            
00004c19  ADC14_clearInterruptFlag                   
00004c49  ADC14_enableInterrupt                      
00004c79  finddevice                                 
00004ca9  __aeabi_i2d                                
00004cd9  ADC14_getInterruptStatus                   
00004d05  ADC14_toggleConversionTrigger              
00004d31  Graphics_drawPixelOnDisplay                
00004d5d  Timer_A_clearCaptureCompareInterrupt       
00004d89  remove                                     
00004d89  unlink                                     
00004db5  ADC14_enableConversion                     
00004ddd  ADC14_getResult                            
00004e05  GPIO_setOutputHighOnPin                    
00004e2d  GPIO_setOutputLowOnPin                     
00004e55  PCM_gotoLPM0                               
00004ea5  lseek                                      
00004ecd  write                                      
00004ef5  WDT_A_holdTimer                            
00004f19  memchr                                     
00004f39  SPI_enableModule                           
00004f55  __TI_zero_init_nomemset                    
00004f8d  memccpy                                    
00004fa9  Graphics_clearDisplayOnDisplay             
00004fc3  Graphics_setBackgroundColor                
00004fdd  Graphics_setFont                           
00004ff7  copysign                                   
00004ff7  copysignl                                  
00005029  strcmp                                     
00005041  EUSCI_A_SPI_enable                         
00005057  EUSCI_B_SPI_enable                         
0000506d  Graphics_setForegroundColor                
00005083  Graphics_translateColorOnDisplay           
00005099  Timer_A_startCounter                       
000050af  strchr                                     
000050c5  PCM_getPowerState                          
000050d9  strcpy                                     
000050ed  strlen                                     
00005101  Graphics_clearDisplay                      
00005113  wcslen                                     
00005135  Interrupt_disableMaster                    
00005145  Interrupt_enableMaster                     
00005155  Interrupt_enableSleepOnIsrExit             
00005165  PCM_setCoreVoltageLevel                    
00005175  PCM_setPowerMode                           
00005185  __TI_decompress_none                       
00005193  Reset_Handler                              
0000519f  AES256_IRQHandler                          
0000519f  BusFault_Handler                           
0000519f  COMP_E0_IRQHandler                         
0000519f  COMP_E1_IRQHandler                         
0000519f  CS_IRQHandler                              
0000519f  DMA_ERR_IRQHandler                         
0000519f  DMA_INT0_IRQHandler                        
0000519f  DMA_INT1_IRQHandler                        
0000519f  DMA_INT2_IRQHandler                        
0000519f  DMA_INT3_IRQHandler                        
0000519f  DebugMon_Handler                           
0000519f  Default_Handler                            
0000519f  EUSCIA0_IRQHandler                         
0000519f  EUSCIA1_IRQHandler                         
0000519f  EUSCIA2_IRQHandler                         
0000519f  EUSCIA3_IRQHandler                         
0000519f  EUSCIB0_IRQHandler                         
0000519f  EUSCIB1_IRQHandler                         
0000519f  EUSCIB2_IRQHandler                         
0000519f  EUSCIB3_IRQHandler                         
0000519f  FLCTL_IRQHandler                           
0000519f  FPU_IRQHandler                             
0000519f  HardFault_Handler                          
0000519f  MemManage_Handler                          
0000519f  NMI_Handler                                
0000519f  PCM_IRQHandler                             
0000519f  PORT1_IRQHandler                           
0000519f  PORT2_IRQHandler                           
0000519f  PORT3_IRQHandler                           
0000519f  PORT4_IRQHandler                           
0000519f  PORT5_IRQHandler                           
0000519f  PORT6_IRQHandler                           
0000519f  PSS_IRQHandler                             
0000519f  PendSV_Handler                             
0000519f  RTC_C_IRQHandler                           
0000519f  SVC_Handler                                
0000519f  SysTick_Handler                            
0000519f  T32_INT1_IRQHandler                        
0000519f  T32_INT2_IRQHandler                        
0000519f  T32_INTC_IRQHandler                        
0000519f  TA0_0_IRQHandler                           
0000519f  TA0_N_IRQHandler                           
0000519f  TA1_N_IRQHandler                           
0000519f  TA2_0_IRQHandler                           
0000519f  TA2_N_IRQHandler                           
0000519f  TA3_0_IRQHandler                           
0000519f  TA3_N_IRQHandler                           
0000519f  UsageFault_Handler                         
0000519f  WDT_A_IRQHandler                           
000051a1  ADC14_enableModule                         
000051ad  CPU_cpsid                                  
000051b9  CPU_cpsie                                  
000051d1  __aeabi_errno_addr                         
000051d9  malloc                                     
000051e1  CPU_wfi                                    
000051ed  _system_pre_init                           
000051f1  C$$EXIT                                    
000051f1  abort                                      
000054ec  _ctypes_                                   
000055f0  g_sFontFixed6x8                            
00005768  g_sCrystalfontz128x128_funcs               
000057a4  upConfig                                   
00005848  __TI_Handler_Table_Base                    
00005854  __TI_Handler_Table_Limit                   
00005860  __TI_CINIT_Base                            
00005870  __TI_CINIT_Limit                           
20000000  __start___llvm_prf_cnts                    
20000000  __stop___llvm_prf_cnts                     
20000000  _sys_memory                                
20000400  _ftable                                    
200004f0  _device                                    
20000568  _stream                                    
200005b8  g_sCrystalfontz128x128                     
200005c8  __TI_ft_end                                
200005cc  __aeabi_stdin                              
200005d0  __aeabi_stdout                             
200005d4  __aeabi_stderr                             
200005d8  __TI_cleanup_ptr                           
200005dc  __TI_dtors_ptr                             
200005e0  __TI_enable_exit_profile_output            
200005e4  _lock                                      
200005e8  _unlock                                    
200005f4  errno                                      
200005f8  SystemCoreClock                            
200005fc  currentOpt                                 
20000600  __CIOBUF_                                  
20000720  __TI_tmpnams                               
200007c0  g_sContext                                 
200007dc  parmbuf                                    
200007ea  Lcd_ScreenHeigth                           
200007ec  Lcd_ScreenWidth                            
200007ee  Lcd_TouchTrim                              
200007f0  Lcd_FlagRead                               
200007f1  Lcd_FontSolid                              
200007f2  Lcd_Orientation                            
200007f3  Lcd_PenSolid                               
2000fe00  __stack                                    
20010000  __STACK_END                                
4000480c  WDTCTL_SYM                                 
ffffffff  __TI_pprof_out_hndl                        
ffffffff  __TI_prof_data_size                        
ffffffff  __TI_prof_data_start                       
ffffffff  __binit__                                  
ffffffff  __c_args__                                 
ffffffff  binit                                      
UNDEFED   __mpu_init                                 
UNDEFED   _system_post_cinit                         

[270 symbols]
